{"version": 2, "width": 170, "height": 48, "timestamp": 1666348521, "idle_time_limit": 2.0, "env": {"SHELL": "/bin/bash", "TERM": "linux"}}
[0.009938, "o", "\u001b[?2004h"]
[0.010374, "o", "alumno@daw1-118:~$ "]
[8.358275, "o", "t"]
[8.622257, "o", "m"]
[8.750245, "o", "u"]
[8.918261, "o", "x"]
[9.326253, "o", "\r\n\u001b[?2004l\r"]
[9.331688, "o", "\u001b[H\u001b[J\u001b[?25h\u001b[?0c\u001b[?1000l\u001b[?1002l\u001b[?1003l\u001b[?1006l\u001b[?1005l\u001b[m\u000f\u001b[?25h\u001b[?8c\u001b[?25h\u001b[?0c\u001b[?1003l\u001b[?1006l\u001b[?2004l\u001b[1;1H\u001b[1;48r\u001b[1;1H"]
[9.332641, "o", "\u001b[?25l\u001b[?1c\u001b[K\r\n\u001b[K\r\n\u001b[K\r\n\u001b[K\r\n\u001b[K\r\n\u001b[K\r\n\u001b[K\r\n\u001b[K\r\n\u001b[K\r\n\u001b[K\r\n\u001b[K\r\n\u001b[K\r\n\u001b[K\r\n\u001b[K\r\n\u001b[K\r\n\u001b[K\r\n\u001b[K\r\n\u001b[K\r\n\u001b[K\r\n\u001b[K\r\n\u001b[K\r\n\u001b[K\r\n\u001b[K\r\n\u001b[K\r\n\u001b[K\r\n\u001b[K\r\n\u001b[K\r\n\u001b[K\r\n\u001b[K\r\n\u001b[K\r\n\u001b[K\r\n\u001b[K\r\n\u001b[K\r\n\u001b[K\r\n\u001b[K\r\n\u001b[K\r\n\u001b[K\r\n\u001b[K\r\n\u001b[K\r\n\u001b[K\r\n\u001b[K\r\n\u001b[K\r\n\u001b[K\r\n\u001b[K\r\n\u001b[K\r\n\u001b[K\r\n\u001b[K\u001b[30m\u001b[42m\r\n[0] 0:bash*                                                                                                                                     \"daw1-118\" 12:35 21-oct-22\u001b[m\u000f\u001b[1;1H\u001b[?25h\u001b[?0c"]
[9.333312, "o", "\u001b[m\u000f\u001b[?25h\u001b[?8c\u001b[?25h\u001b[?0c\u001b[?1003l\u001b[?1006l\u001b[?2004l\u001b[1;1H\u001b[1;48r\u001b[1;1H"]
[9.333586, "o", "\u001b[?25l\u001b[?1c\u001b[K\r\n\u001b[K\r\n\u001b[K\r\n\u001b[K\r\n\u001b[K\r\n\u001b[K\r\n\u001b[K\r\n\u001b[K\r\n\u001b[K\r\n\u001b[K\r\n\u001b[K\r\n\u001b[K\r\n\u001b[K\r\n\u001b[K\r\n\u001b[K\r\n\u001b[K\r\n\u001b[K\r\n\u001b[K\r\n\u001b[K\r\n\u001b[K\r\n\u001b[K\r\n\u001b[K\r\n\u001b[K\r\n\u001b[K\r\n\u001b[K\r\n\u001b[K\r\n\u001b[K\r\n\u001b[K\r\n\u001b[K\r\n\u001b[K\r\n\u001b[K\r\n\u001b[K\r\n\u001b[K\r\n\u001b[K\r\n\u001b[K\r\n\u001b[K\r\n\u001b[K\r\n\u001b[K\r\n\u001b[K\r\n\u001b[K\r\n\u001b[K\r\n\u001b[K\r\n\u001b[K\r\n\u001b[K\r\n\u001b[K\r\n\u001b[K\r\n\u001b[K\u001b[30m\u001b[42m\r\n[0] 0:bash*                                                                                                                                     \"daw1-118\" 12:35 21-oct-22\u001b[m\u000f\u001b[1;1H\u001b[?25h\u001b[?0c"]
[9.349104, "o", "\u001b[?2004h"]
[9.349206, "o", "alumno@daw1-118:~$ "]
[14.215702, "o", "\u001b[66C│\u001b[2;86H│\u001b[3;86H│\u001b[4;86H│\u001b[5;86H│\u001b[6;86H│\u001b[7;86H│\u001b[8;86H│\u001b[9;86H│\u001b[10;86H│\u001b[11;86H│\u001b[12;86H│\u001b[13;86H│\u001b[14;86H│\u001b[15;86H│\u001b[16;86H│\u001b[17;86H│\u001b[18;86H│\u001b[19;86H│\u001b[20;86H│\u001b[21;86H│\u001b[22;86H│\u001b[23;86H│\u001b[24;86H│\u001b[32m\u001b[25;86H│\u001b[26;86H│\u001b[27;86H│\u001b[28;86H│\u001b[29;86H│\u001b[30;86H│\u001b[31;86H│\u001b[32;86H│\u001b[33;86H│\u001b[34;86H│\u001b[35;86H│\u001b[36;86H│\u001b[37;86H│\u001b[38;86H│\u001b[39;86H│\u001b[40;86H│\u001b[41;86H│\u001b[42;86H│\u001b[43;86H│\u001b[44;86H│\u001b[45;86H│\u001b[46;86H│\u001b[47;86H│\u001b[?25l\u001b[?1c\u001b[m\u000f\u001b[1;85H\u001b[1K\u001b[Halumno@daw1-118:~$ \u001b[2;85H\u001b[1K\n\u001b[1K\n\u001b[1K\n\u001b[1K\n\u001b[1K\n\u001b[1K\n\u001b[1K\n\u001b[1K\n\u001b[1K\n\u001b[1K\n\u001b[1K\n\u001b[1K\n\u001b[1K\n\u001b[1K\n\u001b[1K\n\u001b[1K\n\u001b[1K\n\u001b[1K\n\u001b[1K\n\u001b[1K\n\u001b[1K\n\u001b[1K\n\u001b[1K\n\u001b[1K\n\u001b[1K\n\u001b[1K\n\u001b[1K\n\u001b[1K\n\u001b[1K\n\u001b[1K\n\u001b[1K\n\u001b[1K\n\u001b[1K\n\u001b[1K\n\u001b[1K\n\u001b[1K\n\u001b[1K\n\u001b[1K\n\u001b[1K\n\u001b[1K\n\u001b[1K\n\u001b[1K\n\u001b[1K\n\u001b[1K\n\u001b[1K\n\u001b[1K\u001b[1;87H\u001b[K\n\u001b[K\n\u001b[K\n\u001b[K\n\u001b[K\n\u001b[K\n\u001b[K\n\u001b[K\n\u001b[K\n\u001b[K\n\u001b[K\n\u001b[K\n\u001b[K\n\u001b[K\n\u001b[K\n\u001b[K\n\u001b[K\n\u001b[K\n\u001b[K\n\u001b[K\n\u001b[K\n\u001b[K\n\u001b[K\n\u001b[K\n\u001b[K\n\u001b[K\n\u001b[K\n\u001b[K\n\u001b[K\n\u001b[K\n\u001b[K\n\u001b[K\n\u001b[K\n\u001b[K\n\u001b[K\n\u001b[K\n\u001b[K\n\u001b[K\n\u001b[K\n\u001b[K\n\u001b[K\n\u001b[K\n\u001b[K\n\u001b[K\n\u001b[K\n\u001b[K\n\u001b[K\u001b[30m\u001b[42m\r\n[0] 0:bash*            "]
[14.216383, "o", "                                                                                                                         \"daw1-118\" 12:35 21-oct-22\u001b[m\u000f\u001b[1;87H\u001b[?25h\u001b[?0c\u001b[?2004l\b\b\u001b[1K\u001b[Halumno@daw1-118:~$ \u001b[67C"]
[14.232405, "o", "\u001b[?2004h"]
[14.232494, "o", "alumno@daw1-118:~$ "]
[15.958787, "o", "\u001b[32m\u001b[20D│\u001b[2;86H│\u001b[3;86H│\u001b[4;86H│\u001b[5;86H│\u001b[6;86H│\u001b[7;86H│\u001b[8;86H│\u001b[9;86H│\u001b[10;86H│\u001b[11;86H│\u001b[12;86H│\u001b[13;86H│\u001b[14;86H│\u001b[15;86H│\u001b[16;86H│\u001b[17;86H│\u001b[18;86H│\u001b[19;86H│\u001b[20;86H│\u001b[21;86H│\u001b[22;86H│\u001b[23;86H│\u001b[24;86H│\u001b[39m\u001b[25;86H│\u001b[26;86H│\u001b[27;86H│\u001b[28;86H│\u001b[29;86H│\u001b[30;86H│\u001b[31;86H│\u001b[32;86H│\u001b[33;86H│\u001b[34;86H│\u001b[35;86H│\u001b[36;86H│\u001b[37;86H│\u001b[38;86H│\u001b[39;86H│\u001b[40;86H│\u001b[41;86H│\u001b[42;86H│\u001b[43;86H│\u001b[44;86H│\u001b[45;86H│\u001b[46;86H│\u001b[47;86H│\u001b[m\u000f\u001b[1;20H"]
[24.742965, "o", " "]
[25.81494, "o", "#"]
[27.022999, "o", "V"]
[27.166821, "o", "a"]
[27.350975, "o", "m"]
[27.462868, "o", "o"]
[27.558837, "o", "s"]
[27.686945, "o", " "]
[27.742942, "o", "a"]
[27.846944, "o", " "]
[27.902844, "o", "r"]
[27.982952, "o", "e"]
[28.102875, "o", "a"]
[28.286815, "o", "l"]
[28.374975, "o", "i"]
[28.462886, "o", "z"]
[28.550975, "o", "a"]
[28.686898, "o", "r"]
[28.806922, "o", " "]
[28.854906, "o", "l"]
[28.950951, "o", "a"]
[29.070987, "o", " "]
[29.246998, "o", "i"]
[29.342903, "o", "n"]
[29.43097, "o", "s"]
[29.671037, "o", "t"]
[29.74293, "o", "a"]
[29.814955, "o", "l"]
[29.919011, "o", "a"]
[30.078914, "o", "c"]
[30.158821, "o", "i"]
[30.919093, "o", "ó"]
[31.023069, "o", "n"]
[31.231049, "o", " "]
[31.318945, "o", "d"]
[31.358951, "o", "e"]
[31.406952, "o", " "]
[31.559005, "o", "u"]
[31.62306, "o", "n"]
[31.711059, "o", "a"]
[31.814958, "o", " "]
[31.975072, "o", "m"]
[32.462981, "o", "á"]
[32.58313, "o", "q"]
[32.679017, "o", "u"]
[32.735092, "o", "i"]
[32.887098, "o", "n"]
[32.93502, "o", "a"]
[33.087104, "o", " "]
[33.143111, "o", "v"]
[33.255111, "o", "i"]
[33.311028, "o", "r"]
[33.462971, "o", "t"]
[33.519045, "o", "u"]
[33.655127, "o", "a"]
[33.751124, "o", "l"]
[34.791282, "o", "."]
[34.975169, "o", " "]
[35.167062, "o", "P"]
[35.271207, "o", "a"]
[35.327207, "o", "r"]
[35.415211, "o", "a"]
[35.519206, "o", " "]
[35.615069, "o", "e"]
[35.679209, "o", "l"]
[35.831218, "o", "l\r\n \r"]
[35.98322, "o", "o"]
[37.823334, "o", " "]
[37.895214, "o", "e"]
[38.071298, "o", "s"]
[38.215144, "o", "c"]
[38.383287, "o", "r"]
[38.479292, "o", "i"]
[39.340743, "o", "\u001b[?25l\u001b[?1c\u001b[30m\u001b[42m\u001b[48;1H[0] 0:bash*                                                                                                                                     \"daw1-118\" 12:36 21-oct-22\u001b[m\u000f\u001b[2;8H\u001b[?25h\u001b[?0c"]
[39.695305, "o", "b"]
[39.799334, "o", "i"]
[39.871327, "o", "r"]
[40.087337, "o", "m"]
[40.159238, "o", "o"]
[40.727344, "o", "s"]
[40.839363, "o", " "]
[40.935295, "o", "e"]
[40.983368, "o", "l"]
[41.095374, "o", " "]
[41.167234, "o", "s"]
[41.295377, "o", "i"]
[41.40739, "o", "g"]
[41.503377, "o", "u"]
[41.551276, "o", "i"]
[41.591222, "o", "e"]
[41.75139, "o", "n"]
[41.855282, "o", "t"]
[41.935394, "o", "e"]
[42.06335, "o", " "]
[42.607231, "o", "c"]
[42.663415, "o", "o"]
[42.767368, "o", "m"]
[42.85529, "o", "a"]
[42.951427, "o", "n"]
[43.031383, "o", "d"]
[43.103268, "o", "o"]
[43.911613, "o", "\u001b[1;86H│\u001b[2;86H│\u001b[3;86H│\u001b[4;86H│\u001b[5;86H│\u001b[6;86H│\u001b[7;86H│\u001b[8;86H│\u001b[9;86H│\u001b[10;86H│\u001b[11;86H│\u001b[12;86H│\u001b[13;86H│\u001b[14;86H│\u001b[15;86H│\u001b[16;86H│\u001b[17;86H│\u001b[18;86H│\u001b[19;86H│\u001b[20;86H│\u001b[21;86H│\u001b[22;86H│\u001b[23;86H│\u001b[24;86H│\u001b[32m\u001b[25;86H│\u001b[26;86H│\u001b[27;86H│\u001b[28;86H│\u001b[29;86H│\u001b[30;86H│\u001b[31;86H│\u001b[32;86H│\u001b[33;86H│\u001b[34;86H│\u001b[35;86H│\u001b[36;86H│\u001b[37;86H│\u001b[38;86H│\u001b[39;86H│\u001b[40;86H│\u001b[41;86H│\u001b[42;86H│\u001b[43;86H│\u001b[44;86H│\u001b[45;86H│\u001b[46;86H│\u001b[47;86H│\u001b[m\u000f\u001b[1;106H"]
[48.823626, "o", "v"]
[48.927548, "o", "i"]
[50.063671, "o", "r"]
[50.143531, "o", "t"]
[50.26358, "o", "-"]
[50.583651, "o", "i"]
[50.655618, "o", "n"]
[50.679552, "o", "s"]
[50.823504, "o", "t"]
[50.911631, "o", "a"]
[51.05558, "o", "l"]
[51.18364, "o", "l"]
[53.079708, "o", "\u001b[12Dless /srv/SIINF/instalar_debian.md "]
[53.519726, "o", "\u001b[35Dtmux\u001b[K"]
[53.663711, "o", "\u001b[?25l\u001b[?1c\u001b[23Dalumno@daw1-118:~$ ux\u001b[K\b\bls\u001b[?25h\u001b[?0c"]
[53.815576, "o", "\b\bpwd"]
[53.959673, "o", "\u001b[?25l\u001b[?1c\u001b[22Dalumno@daw1-118:~$ wd\u001b[K\b\bls\u001b[?25h\u001b[?0c"]
[54.103743, "o", "\b\bdpkg -wc less"]
[54.239728, "o", "\u001b[5D\u001b[K"]
[54.383737, "o", "\b\bl -wc -l"]
[54.535743, "o", "\u001b[3D\u001b[K"]
[54.663761, "o", "\u001b[4D\u001b[K"]
[54.791755, "o", "\u001b[3D\u001b[K"]
[54.943671, "o", "\u001b[?25l\u001b[?1c\u001b[23Dalumno@daw1-118:~$ kg\u001b[K\b\bls\u001b[?25h\u001b[?0c"]
[55.07965, "o", "\b\bvirsh list --all"]
[55.215764, "o", "\u001b[10Dundefine bullseye --remove-all-storage"]
[55.367667, "o", "\u001b[?25l\u001b[?1c\u001b[63Dalumno@daw1-118:~$ virsh move-all-storage\u001b[K\u001b[16Ddestroy bullseye\u001b[?25h\u001b[?0c"]
[55.863717, "o", "\u001b[19Dt-install --name bullseye --ram 1024 --disk size=4 --graphics \u001b[2;87Hnone --console pty,target.type=serial --extra-args \"console=ttyS0 theme=dark\" --loca\u001b[3;87Htion /srv/SIINF/debian-11.5.0-amd64-netinst.iso "]
[56.039831, "o", "\u001b[?25l\u001b[?1c\u001b[1;87Halumno@daw1-118:~$ virye --ram 1024 --disk size=4 --graphics \u001b[K\u001b[39Dsh undefine prueba --remove-all-storage\u001b[2;87H\u001b[K\n\u001b[K\u001b[1;148H\u001b[?25h\u001b[?0c"]
[56.375778, "o", "\u001b[39Dt-install --name bullseye --ram 1024 --disk size=4 --graphics \u001b[2;87Hnone --console pty,target.type=serial --extra-args \"console=ttyS0 theme=dark\" --loca\u001b[3;87Htion /srv/SIINF/debian-11.5.0-amd64-netinst.iso "]
[68.448173, "o", "\u001b[4;87H\u001b[?2004l"]
[69.05362, "o", "\nEmpezando la instalación...\u001b[6;87H\u001b[?25l\u001b[?1c\u001b[30m\u001b[42m\u001b[48;1H[0] 0:python3*                                                                                                                                  \"daw1-118\" 12:36 21-oct-22\u001b[m\u000f\u001b[6;87H\u001b[?25h\u001b[?0c"]
[69.103808, "o", "Obteniendo archivo vmlinuz...                                | 6.6 MB  00:00:00     \u001b[7;87H"]
[69.180111, "o", "Obteniendo archivo initrd.gz...                              |  17 MB  00:00:00     \u001b[8;87H"]
[69.259346, "o", "Asignando 'bullseye.qcow2'                                   | 4.0 GB  00:00:00     \u001b[9;87H"]
[69.492007, "o", "Running text console command: virsh --connect qemu:///session console bullseye\u001b[10;87H"]
[69.50397, "o", "Connected to domain 'bullseye'\u001b[11;87HEscape character is ^] (Ctrl + ])\u001b[12;87H"]
[70.339712, "o", "[    0."]
[70.339861, "o", "000"]
[70.340603, "o", "000] Lin"]
[70.341797, "o", "ux version 5.10.0-18-amd64 (debian-kernel@lists.debian.org) (gcc-1\u001b[13;87H0 (Debian 10.2.1-6) 10.2.1 20210110, GNU ld (GNU Binutils for Debian) 2.35.2"]
[70.341918, "o", ") #1 SMP\u001b[14;87H Debian 5.10.140-1 (2022-09-02)\u001b[15;87H[    0.000000]"]
[70.342028, "o", " Command"]
[70.342131, "o", " line: c"]
[70.342236, "o", "onsole="]
[70.342335, "o", "ttyS0 t"]
[70.342434, "o", "heme=d"]
[70.342536, "o", "ark\u001b[16;87H"]
[70.342636, "o", "[    0.0"]
[70.342733, "o", "00000]"]
[70.342828, "o", " x86/fp"]
[70.342928, "o", "u: Sup"]
[70.343024, "o", "porting"]
[70.343123, "o", " XSAVE "]
[70.343222, "o", "feature"]
[70.343319, "o", " 0x001"]
[70.343417, "o", ": 'x87 "]
[70.343567, "o", "floating"]
[70.343682, "o", " point registe"]
[70.3438, "o", "r\u001b[17;87Hs'\u001b[18;87H[    0.00"]
[70.343918, "o", "0000] x86/fpu: S"]
[70.344032, "o", "upporting XSAVE "]
[70.344146, "o", "feature 0x002: "]
[70.344263, "o", "'SSE registers'"]
[70.344379, "o", "\u001b[19;87H[    0.00000"]
[70.344495, "o", "0] x86/fpu: Supp"]
[70.344609, "o", "orting XSAVE fe"]
[70.344724, "o", "ature 0x008: 'M"]
[70.344798, "o", "PX bounds regi"]
[70.344874, "o", "sters'\u001b[20;87H"]
[70.344949, "o", "[    0.00"]
[70.345024, "o", "0000] x86"]
[70.345097, "o", "/fpu: Sup"]
[70.345171, "o", "porting X"]
[70.345249, "o", "SAVE fea"]
[70.345321, "o", "ture 0x01"]
[70.345393, "o", "0: 'MPX C"]
[70.345483, "o", "SR'\u001b[21;87H"]
[70.345547, "o", "[ "]
[70.345612, "o", "   0."]
[70.345679, "o", "00000"]
[70.345745, "o", "0] x86/"]
[70.345813, "o", "fpu: x"]
[70.345875, "o", "state_o"]
[70.346487, "o", "ffset[3]:  576, xstate_sizes[3]:   64\u001b[22;87H[    0.000000]"]
[70.346546, "o", " x86/fp"]
[70.346598, "o", "u"]
[70.346653, "o", ": x"]
[70.346701, "o", "sta"]
[70.346756, "o", "te"]
[70.346804, "o", "_o"]
[70.346855, "o", "ff"]
[70.346903, "o", "set"]
[70.346954, "o", "[4]"]
[70.347009, "o", ":  6"]
[70.347059, "o", "40, "]
[70.347111, "o", "xs"]
[70.34716, "o", "tat"]
[70.347219, "o", "e_s"]
[70.347268, "o", "izes"]
[70.347317, "o", "[4"]
[70.347373, "o", "]: "]
[70.347422, "o", "  64"]
[70.347474, "o", "\u001b[23;87H"]
[70.347528, "o", "[  "]
[70.347576, "o", "  0."]
[70.347629, "o", "000"]
[70.347683, "o", "000]"]
[70.347731, "o", " x86"]
[70.347782, "o", "/fp"]
[70.347837, "o", "u: E"]
[70.347887, "o", "nabl"]
[70.347934, "o", "ed"]
[70.347983, "o", " xs"]
[70.348033, "o", "tate"]
[70.348081, "o", " fe"]
[70.348132, "o", "atu"]
[70.348183, "o", "res"]
[70.348236, "o", " 0"]
[70.348283, "o", "x1"]
[70.348333, "o", "b,"]
[70.348383, "o", " co"]
[70.348436, "o", "ntex"]
[70.348483, "o", "t s"]
[70.348532, "o", "iz"]
[70.348581, "o", "e i"]
[70.349549, "o", "s 704 bytes, usi\u001b[24;87Hng 'compacted' format.\u001b[25;87H[    0.000000] BIOS-provided physical RAM map:\u001b[26;87H[    0.000000] BIOS-e820: [m"]
[70.349679, "o", "em 0x000000"]
[70.349803, "o", "0000000000-"]
[70.349924, "o", "0x000000000"]
[70.350046, "o", "009fbff] usa"]
[70.35017, "o", "ble\u001b[27;87H[   "]
[70.352615, "o", " 0.000000] BIOS-e820: [mem 0x000000000009fc00-0x000000000009ffff] reserved\u001b[28;87H[    0.000000] BIOS-e820: [mem 0x00000000000f0000-0x00000000000fffff] reserved\u001b[29;87H[    0.000000] BIOS-e820: [mem 0x0000000000100000-0x000000003ffdbfff] usable\u001b[30;87H[    0.000000] BIOS-e820: [mem"]
[70.353812, "o", " 0x000000003ffdc000-0x000000003fffffff] reserved\u001b[31;87H"]
[70.356072, "o", "[    0.000000] BIOS-e820: [mem 0x00000000b0000000-0x00000000bfffffff] reserved\u001b[32;87H[    0.000000] BIOS-e820: [mem 0x00000000fed1c000-0x00000000fed1ffff] reserved\u001b[33;87H[    0.000000] BIOS-e820: [mem 0x00000000feffc000-0x00000000feffffff] reserved\u001b[34;87H[    0.000000] BIOS-e820: [mem 0x00000000fffc0000-0x00000000ffffffff] reserved\u001b[35;87H[    0.000000] NX (Execute Disable) protectio"]
[70.356176, "o", "n: active\u001b[36;87H[    0.000000] SMBIOS"]
[70.358739, "o", " 2.8 present.\u001b[37;87H[    0.000000] DMI: QEMU Standard PC (Q35 + ICH9, 2009), BIOS 1.14.0-2 04/01/2014\u001b[38;87H[    0.000000] Hypervisor detected: KVM\u001b[39;87H[    0.000000] kvm-clock: Using msrs 4b564d01 and 4b56"]
[70.358996, "o", "4d00\u001b[40;87H[    0.000000] kvm-clock: cpu 0, msr eef3001, primary cpu clock\u001b[41;87H[    0.000000] kvm-clock: using sched offset of 841418799 cycles"]
[70.359053, "o", "\u001b[42;87H"]
[70.359141, "o", "[    0.000005] clocksource: "]
[70.35924, "o", "kvm"]
[70.359323, "o", "-"]
[70.359399, "o", "clo"]
[70.359484, "o", "ck: m"]
[70.359576, "o", "ask"]
[70.359654, "o", ":"]
[70.359736, "o", " 0xff"]
[70.359837, "o", "ff"]
[70.359918, "o", "f"]
[70.359997, "o", "fff"]
[70.360077, "o", "ffffffff ma"]
[70.360159, "o", "x_cycles"]
[70.360239, "o", ": 0x1cd4"]
[70.360321, "o", "2e\u001b[43;87H4dffb, "]
[70.360399, "o", "ma"]
[70.360477, "o", "x_idle_ns: 8"]
[70.360556, "o", "81590591"]
[70.360636, "o", "483 ns\u001b[35D"]
[70.360713, "o", "\n["]
[70.360793, "o", "    0.000012"]
[70.360876, "o", "] tsc: "]
[70.360939, "o", "Dete"]
[70.361004, "o", "c"]
[70.361081, "o", "ted 35"]
[70.361165, "o", "04.000 MH"]
[70.361246, "o", "z proce"]
[70.361323, "o", "sso"]
[70.361405, "o", "r\u001b[45;87H[    0."]
[70.361483, "o", "000"]
[70.361563, "o", "376] last_pf"]
[70.361643, "o", "n = 0x3"]
[70.361721, "o", "ffd"]
[70.362211, "o", "c max_arch_pfn = 0x400000000\u001b[46;87H[    0.000426] x86/PAT: "]
[70.362304, "o", "Conf"]
[70.362388, "o", "iguration [0-"]
[70.36247, "o", "7]: WB  "]
[70.36255, "o", "WC  UC- "]
[70.36263, "o", "UC  WB  W"]
[70.362709, "o", "P  UC- "]
[70.36279, "o", "WT  \u001b[47;87H["]
[70.36287, "o", "  "]
[70.362948, "o", "  0.008455] "]
[70.363029, "o", "found SMP"]
[70.363107, "o", " MP-tabl"]
[70.36319, "o", "e at [m"]
[70.363272, "o", "em 0x00"]
[70.363355, "o", "0f5cc0-0"]
[70.363434, "o", "x000f5c"]
[70.363589, "o", "\u001b[?25l\u001b[?1c\u001b[1;87Hnone --console pty,target.type=serial --extra-args \"console=ttyS0 theme=dark\" --loca\u001b[2;87Htion /srv/SIINF/debian-11.5.0-amd64-netinst.iso \u001b[K\u001b[3;87H\u001b[K\nEmpezando la instalación...\u001b[K\u001b[5;87HObteniendo archivo vmlinuz...                                | 6.6 MB  00:00:00     \u001b[6;87HObteniendo archivo initrd.gz...                              |  17 MB  00:00:00     \u001b[7;87HAsignando 'bullseye.qcow2'                                   | 4.0 GB  00:00:00     \u001b[8;87HRunning text console command: virsh --connect qemu:///session console bullseye\u001b[K\u001b[9;87HConnected to domain 'bullseye'\u001b[K\u001b[10;87HEscape character is ^] (Ctrl + ])\u001b[K\u001b[11;87H[    0.000000] Linux version 5.10.0-18-amd64 (debian-kernel@lists.debian.org) (gcc-1\u001b[12;87H0 (Debian 10.2.1-6) 10.2.1 20210110, GNU ld (GNU Binutils for Debian) 2.35.2) #1 SMP\u001b[13;87H Debian 5.10.140-1 (2022-09-02)\u001b[K\u001b[14;87H[    0.000000] Command line: console=ttyS0 theme=dark\u001b[K\u001b[15;87H[    0.000000] x86/fpu: Supporting XSAVE feature 0x001: 'x87 floating point reg"]
[70.363756, "o", "ister\u001b[16;87Hs'\u001b[K\u001b[17;87H[    0.000000] x86/fpu: Supporting XSAVE feature 0x002: 'SSE registers'\u001b[K\u001b[18;87H[    0.000000] x86/fpu: Supporting XSAVE feature 0x008: 'MPX bounds registers'\u001b[K\u001b[19;87H[    0.000000] x86/fpu: Supporting XSAVE feature 0x010: 'MPX CSR'\u001b[K\u001b[20;87H[    0.000000] x86/fpu: xstate_offset[3]:  576, xstate_sizes[3]:   64\u001b[K\u001b[21;87H[    0.000000] x86/fpu: xstate_offset[4]:  640, xstate_sizes[4]:   64\u001b[K\u001b[22;87H[    0.000000] x86/fpu: Enabled xstate features 0x1b, context size is 704 bytes, usi\u001b[23;87Hng 'compacted' format.\u001b[K\u001b[24;87H[    0.000000] BIOS-provided physical RAM map:\u001b[K\u001b[25;87H[    0.000000] BIOS-e820: [mem 0x0000000000000000-0x000000000009fbff] usable\u001b[K\u001b[26;87H[    0.000000] BIOS-e820: [mem 0x000000000009fc00-0x000000000009ffff] reserved\u001b[K\u001b[27;87H[    0.000000] BIOS-e820: [mem 0x00000000000f0000-0x00000000000fffff] reserved\u001b[K\u001b[28;87H[    0.000000] BIOS-e820: [mem 0x0000000000100000-0x000000003ffdbfff] usable\u001b[K\u001b[29;87H[    0.000000] BIOS-e820: [mem 0x000000003ffdc000-0x00000"]
[70.363912, "o", "0003fffffff] reserved\u001b[K\u001b[30;87H[    0.000000] BIOS-e820: [mem 0x00000000b0000000-0x00000000bfffffff] reserved\u001b[K\u001b[31;87H[    0.000000] BIOS-e820: [mem 0x00000000fed1c000-0x00000000fed1ffff] reserved\u001b[K\u001b[32;87H[    0.000000] BIOS-e820: [mem 0x00000000feffc000-0x00000000feffffff] reserved\u001b[K\u001b[33;87H[    0.000000] BIOS-e820: [mem 0x00000000fffc0000-0x00000000ffffffff] reserved\u001b[K\u001b[34;87H[    0.000000] NX (Execute Disable) protection: active\u001b[K\u001b[35;87H[    0.000000] SMBIOS 2.8 present.\u001b[K\u001b[36;87H[    0.000000] DMI: QEMU Standard PC (Q35 + ICH9, 2009), BIOS 1.14.0-2 04/01/2014\u001b[K\u001b[37;87H[    0.000000] Hypervisor detected: KVM\u001b[K\u001b[38;87H[    0.000000] kvm-clock: Using msrs 4b564d01 and 4b564d00\u001b[K\u001b[39;87H[    0.000000] kvm-clock: cpu 0, msr eef3001, primary cpu clock\u001b[K\u001b[40;87H[    0.000000] kvm-clock: using sched offset of 841418799 cycles\u001b[K\u001b[41;87H[    0.000005] clocksource: kvm-clock: mask: 0xffffffffffffffff max_cycles: 0x1cd42e\u001b[42;87H4dffb, max_idle_ns: 881590591483 ns\u001b[K\u001b[43;87H[    0.000012] tsc: Detected"]
[70.364066, "o", " 3504.000 MHz processor\u001b[K\u001b[44;87H[    0.000376] last_pfn = 0x3ffdc max_arch_pfn = 0x400000000\u001b[K\u001b[45;87H[    0.000426] x86/PAT: Configuration [0-7]: WB  WC  UC- UC  WB  WP  UC- WT  \u001b[K\u001b[46;87H[    0.008455] found SMP MP-table at [mem 0x000f5cc0-0x000f5ccf]\u001b[K\u001b[47;87H[ \u001b[K\u001b[?25h\u001b[?0c   "]
[70.364655, "o", "\u001b[?25l\u001b[?1c\u001b[1;87H\u001b[K\nEmpezando la instalación...\u001b[K\u001b[3;87HObteniendo archivo vmlinuz...                                | 6.6 MB  00:00:00     \u001b[4;87HObteniendo archivo initrd.gz...                              |  17 MB  00:00:00     \u001b[5;87HAsignando 'bullseye.qcow2'                                   | 4.0 GB  00:00:00     \u001b[6;87HRunning text console command: virsh --connect qemu:///session console bullseye\u001b[K\u001b[7;87HConnected to domain 'bullseye'\u001b[K\u001b[8;87HEscape character is ^] (Ctrl + ])\u001b[K\u001b[9;87H[    0.000000] Linux version 5.10.0-18-amd64 (debian-kernel@lists.debian.org) (gcc-1\u001b[10;87H0 (Debian 10.2.1-6) 10.2.1 20210110, GNU ld (GNU Binutils for Debian) 2.35.2) #1 SMP\u001b[11;87H Debian 5.10.140-1 (2022-09-02)\u001b[K\u001b[12;87H[    0.000000] Command line: console=ttyS0 theme=dark\u001b[K\u001b[13;87H[    0.000000] x86/fpu: Supporting XSAVE feature 0x001: 'x87 floating point register\u001b[14;87Hs'\u001b[K\u001b[15;87H[    0.000000] x86/fpu: Supporting XSAVE feature 0x002: 'SSE registers'\u001b[K\u001b[16;87H[    0.000000] x86/fpu: Supporting XSAVE fe"]
[70.364844, "o", "ature 0x008: 'MPX bounds registers'\u001b[K\u001b[17;87H[    0.000000] x86/fpu: Supporting XSAVE feature 0x010: 'MPX CSR'\u001b[K\u001b[18;87H[    0.000000] x86/fpu: xstate_offset[3]:  576, xstate_sizes[3]:   64\u001b[K\u001b[19;87H[    0.000000] x86/fpu: xstate_offset[4]:  640, xstate_sizes[4]:   64\u001b[K\u001b[20;87H[    0.000000] x86/fpu: Enabled xstate features 0x1b, context size is 704 bytes, usi\u001b[21;87Hng 'compacted' format.\u001b[K\u001b[22;87H[    0.000000] BIOS-provided physical RAM map:\u001b[K\u001b[23;87H[    0.000000] BIOS-e820: [mem 0x0000000000000000-0x000000000009fbff] usable\u001b[K\u001b[24;87H[    0.000000] BIOS-e820: [mem 0x000000000009fc00-0x000000000009ffff] reserved\u001b[K\u001b[25;87H[    0.000000] BIOS-e820: [mem 0x00000000000f0000-0x00000000000fffff] reserved\u001b[K\u001b[26;87H[    0.000000] BIOS-e820: [mem 0x0000000000100000-0x000000003ffdbfff] usable\u001b[K\u001b[27;87H[    0.000000] BIOS-e820: [mem 0x000000003ffdc000-0x000000003fffffff] reserved\u001b[K\u001b[28;87H[    0.000000] BIOS-e820: [mem 0x00000000b0000000-0x00000000bfffffff] reserved\u001b[K\u001b[29;87H[    0.000000] BIOS-e820: [mem"]
[70.365, "o", " 0x00000000fed1c000-0x00000000fed1ffff] reserved\u001b[K\u001b[30;87H[    0.000000] BIOS-e820: [mem 0x00000000feffc000-0x00000000feffffff] reserved\u001b[K\u001b[31;87H[    0.000000] BIOS-e820: [mem 0x00000000fffc0000-0x00000000ffffffff] reserved\u001b[K\u001b[32;87H[    0.000000] NX (Execute Disable) protection: active\u001b[K\u001b[33;87H[    0.000000] SMBIOS 2.8 present.\u001b[K\u001b[34;87H[    0.000000] DMI: QEMU Standard PC (Q35 + ICH9, 2009), BIOS 1.14.0-2 04/01/2014\u001b[K\u001b[35;87H[    0.000000] Hypervisor detected: KVM\u001b[K\u001b[36;87H[    0.000000] kvm-clock: Using msrs 4b564d01 and 4b564d00\u001b[K\u001b[37;87H[    0.000000] kvm-clock: cpu 0, msr eef3001, primary cpu clock\u001b[K\u001b[38;87H[    0.000000] kvm-clock: using sched offset of 841418799 cycles\u001b[K\u001b[39;87H[    0.000005] clocksource: kvm-clock: mask: 0xffffffffffffffff max_cycles: 0x1cd42e\u001b[40;87H4dffb, max_idle_ns: 881590591483 ns\u001b[K\u001b[41;87H[    0.000012] tsc: Detected 3504.000 MHz processor\u001b[K\u001b[42;87H[    0.000376] last_pfn = 0x3ffdc max_arch_pfn = 0x400000000\u001b[K\u001b[43;87H[    0.000426] x86/PAT: Configuration [0-7]: W"]
[70.365366, "o", "B  WC  UC- UC  WB  WP  UC- WT  \u001b[K\u001b[44;87H[    0.008455] found SMP MP-table at [mem 0x000f5cc0-0x000f5ccf]\u001b[K\u001b[45;87H[    0.008648] Using GB pages for direct mapping\u001b[K\u001b[46;87H[    0.008759] RAMDISK: [mem 0x3eecc000-0x3ffcffff]\u001b[K\u001b[47;87H[    0.008770] ACP\u001b[K\u001b[?25h\u001b[?0cI: Early"]
[70.366, "o", " table checksum verification disable\u001b[?25l\u001b[?1c\u001b[1;87HEmpezando la instalación...\u001b[K\u001b[2;87HObteniendo archivo vmlinuz...                                | 6.6 MB  00:00:00     \u001b[3;87HObteniendo archivo initrd.gz...                              |  17 MB  00:00:00     \u001b[4;87HAsignando 'bullseye.qcow2'                                   | 4.0 GB  00:00:00     \u001b[5;87HRunning text console command: virsh --connect qemu:///session console bullseye\u001b[K\u001b[6;87HConnected to domain 'bullseye'\u001b[K\u001b[7;87HEscape character is ^] (Ctrl + ])\u001b[K\u001b[8;87H[    0.000000] Linux version 5.10.0-18-amd64 (debian-kernel@lists.debian.org) (gcc-1\u001b[9;87H0 (Debian 10.2.1-6) 10.2.1 20210110, GNU ld (GNU Binutils for Debian) 2.35.2) #1 SMP\u001b[10;87H Debian 5.10.140-1 (2022-09-02)\u001b[K\u001b[11;87H[    0.000000] Command line: console=ttyS0 theme=dark\u001b[K\u001b[12;87H[    0.000000] x86/fpu: Supporting XSAVE feature 0x001: 'x87 floating point register\u001b[13;87Hs'\u001b[K\u001b[14;87H[    0.000000] x86/fpu: Supporting XSAVE feature 0x002: 'SSE registers'\u001b[K\u001b[15;87H[    0.00000"]
[70.366174, "o", "0] x86/fpu: Supporting XSAVE feature 0x008: 'MPX bounds registers'\u001b[K\u001b[16;87H[    0.000000] x86/fpu: Supporting XSAVE feature 0x010: 'MPX CSR'\u001b[K\u001b[17;87H[    0.000000] x86/fpu: xstate_offset[3]:  576, xstate_sizes[3]:   64\u001b[K\u001b[18;87H[    0.000000] x86/fpu: xstate_offset[4]:  640, xstate_sizes[4]:   64\u001b[K\u001b[19;87H[    0.000000] x86/fpu: Enabled xstate features 0x1b, context size is 704 bytes, usi\u001b[20;87Hng 'compacted' format.\u001b[K\u001b[21;87H[    0.000000] BIOS-provided physical RAM map:\u001b[K\u001b[22;87H[    0.000000] BIOS-e820: [mem 0x0000000000000000-0x000000000009fbff] usable\u001b[K\u001b[23;87H[    0.000000] BIOS-e820: [mem 0x000000000009fc00-0x000000000009ffff] reserved\u001b[K\u001b[24;87H[    0.000000] BIOS-e820: [mem 0x00000000000f0000-0x00000000000fffff] reserved\u001b[K\u001b[25;87H[    0.000000] BIOS-e820: [mem 0x0000000000100000-0x000000003ffdbfff] usable\u001b[K\u001b[26;87H[    0.000000] BIOS-e820: [mem 0x000000003ffdc000-0x000000003fffffff] reserved\u001b[K\u001b[27;87H[    0.000000] BIOS-e820: [mem 0x00000000b0000000-0x00000000bfffffff] reserved\u001b[K\u001b[28;87"]
[70.366325, "o", "H[    0.000000] BIOS-e820: [mem 0x00000000fed1c000-0x00000000fed1ffff] reserved\u001b[K\u001b[29;87H[    0.000000] BIOS-e820: [mem 0x00000000feffc000-0x00000000feffffff] reserved\u001b[K\u001b[30;87H[    0.000000] BIOS-e820: [mem 0x00000000fffc0000-0x00000000ffffffff] reserved\u001b[K\u001b[31;87H[    0.000000] NX (Execute Disable) protection: active\u001b[K\u001b[32;87H[    0.000000] SMBIOS 2.8 present.\u001b[K\u001b[33;87H[    0.000000] DMI: QEMU Standard PC (Q35 + ICH9, 2009), BIOS 1.14.0-2 04/01/2014\u001b[K\u001b[34;87H[    0.000000] Hypervisor detected: KVM\u001b[K\u001b[35;87H[    0.000000] kvm-clock: Using msrs 4b564d01 and 4b564d00\u001b[K\u001b[36;87H[    0.000000] kvm-clock: cpu 0, msr eef3001, primary cpu clock\u001b[K\u001b[37;87H[    0.000000] kvm-clock: using sched offset of 841418799 cycles\u001b[K\u001b[38;87H[    0.000005] clocksource: kvm-clock: mask: 0xffffffffffffffff max_cycles: 0x1cd42e\u001b[39;87H4dffb, max_idle_ns: 881590591483 ns\u001b[K\u001b[40;87H[    0.000012] tsc: Detected 3504.000 MHz processor\u001b[K\u001b[41;87H[    0.000376] last_pfn = 0x3ffdc max_arch_pfn = 0x400000000\u001b[K\u001b[42;87H[    0.000426] "]
[70.366483, "o", "x86/PAT: Configuration [0-7]: WB  WC  UC- UC  WB  WP  UC- WT  \u001b[K\u001b[43;87H[    0.008455] found SMP MP-table at [mem 0x000f5cc0-0x000f5ccf]\u001b[K\u001b[44;87H[    0.008648] Using GB pages for direct mapping\u001b[K\u001b[45;87H[    0.008759] RAMDISK: [mem 0x3eecc000-0x3ffcffff]\u001b[K\u001b[46;87H[    0.008770] ACPI: Early table checksum verification disabled\u001b[K\u001b[47;87H[\u001b[K\u001b[?25h\u001b[?0c"]
[70.368394, "o", "    0.008790] ACPI: RSDP 0x00000000000F5AD0 000014 (v00 BO\u001b[?25l\u001b[?1c\u001b[1;87HObteniendo archivo vmlinuz...                                | 6.6 MB  00:00:00     \u001b[2;87HObteniendo archivo initrd.gz...                              |  17 MB  00:00:00     \u001b[3;87HAsignando 'bullseye.qcow2'                                   | 4.0 GB  00:00:00     \u001b[4;87HRunning text console command: virsh --connect qemu:///session console bullseye\u001b[K\u001b[5;87HConnected to domain 'bullseye'\u001b[K\u001b[6;87HEscape character is ^] (Ctrl + ])\u001b[K\u001b[7;87H[    0.000000] Linux version 5.10.0-18-amd64 (debian-kernel@lists.debian.org) (gcc-1\u001b[8;87H0 (Debian 10.2.1-6) 10.2.1 20210110, GNU ld (GNU Binutils for Debian) 2.35.2) #1 SMP\u001b[9;87H Debian 5.10.140-1 (2022-09-02)\u001b[K\u001b[10;87H[    0.000000] Command line: console=ttyS0 theme=dark\u001b[K\u001b[11;87H[    0.000000] x86/fpu: Supporting XSAVE feature 0x001: 'x87 floating point register\u001b[12;87Hs'\u001b[K\u001b[13;87H[    0.000000] x86/fpu: Supporting XSAVE feature 0x002: 'SSE registers'\u001b[K\u001b[14;87H[    0.000000] x86/fpu: Suppo"]
[70.368565, "o", "rting XSAVE feature 0x008: 'MPX bounds registers'\u001b[K\u001b[15;87H[    0.000000] x86/fpu: Supporting XSAVE feature 0x010: 'MPX CSR'\u001b[K\u001b[16;87H[    0.000000] x86/fpu: xstate_offset[3]:  576, xstate_sizes[3]:   64\u001b[K\u001b[17;87H[    0.000000] x86/fpu: xstate_offset[4]:  640, xstate_sizes[4]:   64\u001b[K\u001b[18;87H[    0.000000] x86/fpu: Enabled xstate features 0x1b, context size is 704 bytes, usi\u001b[19;87Hng 'compacted' format.\u001b[K\u001b[20;87H[    0.000000] BIOS-provided physical RAM map:\u001b[K\u001b[21;87H[    0.000000] BIOS-e820: [mem 0x0000000000000000-0x000000000009fbff] usable\u001b[K\u001b[22;87H[    0.000000] BIOS-e820: [mem 0x000000000009fc00-0x000000000009ffff] reserved\u001b[K\u001b[23;87H[    0.000000] BIOS-e820: [mem 0x00000000000f0000-0x00000000000fffff] reserved\u001b[K\u001b[24;87H[    0.000000] BIOS-e820: [mem 0x0000000000100000-0x000000003ffdbfff] usable\u001b[K\u001b[25;87H[    0.000000] BIOS-e820: [mem 0x000000003ffdc000-0x000000003fffffff] reserved\u001b[K\u001b[26;87H[    0.000000] BIOS-e820: [mem 0x00000000b0000000-0x00000000bfffffff] reserved\u001b[K\u001b[27;87H[    0.000000] B"]
[70.368718, "o", "IOS-e820: [mem 0x00000000fed1c000-0x00000000fed1ffff] reserved\u001b[K\u001b[28;87H[    0.000000] BIOS-e820: [mem 0x00000000feffc000-0x00000000feffffff] reserved\u001b[K\u001b[29;87H[    0.000000] BIOS-e820: [mem 0x00000000fffc0000-0x00000000ffffffff] reserved\u001b[K\u001b[30;87H[    0.000000] NX (Execute Disable) protection: active\u001b[K\u001b[31;87H[    0.000000] SMBIOS 2.8 present.\u001b[K\u001b[32;87H[    0.000000] DMI: QEMU Standard PC (Q35 + ICH9, 2009), BIOS 1.14.0-2 04/01/2014\u001b[K\u001b[33;87H[    0.000000] Hypervisor detected: KVM\u001b[K\u001b[34;87H[    0.000000] kvm-clock: Using msrs 4b564d01 and 4b564d00\u001b[K\u001b[35;87H[    0.000000] kvm-clock: cpu 0, msr eef3001, primary cpu clock\u001b[K\u001b[36;87H[    0.000000] kvm-clock: using sched offset of 841418799 cycles\u001b[K\u001b[37;87H[    0.000005] clocksource: kvm-clock: mask: 0xffffffffffffffff max_cycles: 0x1cd42e\u001b[38;87H4dffb, max_idle_ns: 881590591483 ns\u001b[K\u001b[39;87H[    0.000012] tsc: Detected 3504.000 MHz processor\u001b[K\u001b[40;87H[    0.000376] last_pfn = 0x3ffdc max_arch_pfn = 0x400000000\u001b[K\u001b[41;87H[    0.000426] x86/PAT: Configur"]
[70.368894, "o", "ation [0-7]: WB  WC  UC- UC  WB  WP  UC- WT  \u001b[K\u001b[42;87H[    0.008455] found SMP MP-table at [mem 0x000f5cc0-0x000f5ccf]\u001b[K\u001b[43;87H[    0.008648] Using GB pages for direct mapping\u001b[K\u001b[44;87H[    0.008759] RAMDISK: [mem 0x3eecc000-0x3ffcffff]\u001b[K\u001b[45;87H[    0.008770] ACPI: Early table checksum verification disabled\u001b[K\u001b[46;87H[    0.008790] ACPI: RSDP 0x00000000000F5AD0 000014 (v00 BOCHS )\u001b[K\u001b[47;87H\u001b[K\u001b[?25h\u001b[?0c[    0.008796] ACPI: RSDT 0x000000003FFE2075 000034 (v01 BOCHS  BXPCRSDT 00000001 B\u001b[?25l\u001b[?1c\u001b[1;87HObteniendo archivo initrd.gz...                              |  17 MB  00:00:00     \u001b[2;87HAsignando 'bullseye.qcow2'                                   | 4.0 GB  00:00:00     \u001b[3;87HRunning text console command: virsh --connect qemu:///session console bullseye\u001b[K\u001b[4;87HConnected to domain 'bullseye'\u001b[K\u001b[5;87HEscape character is ^] (Ctrl + ])\u001b[K\u001b[6;87H[    0.000000] Linux version 5.10.0-18-amd64 (debian-kernel@lists.debian.org) (gcc-1\u001b[7;87H0 (Debian 10.2.1-6) 10.2.1 20210110, GNU ld (GNU Binutils for De"]
[70.369049, "o", "bian) 2.35.2) #1 SMP\u001b[8;87H Debian 5.10.140-1 (2022-09-02)\u001b[K\u001b[9;87H[    0.000000] Command line: console=ttyS0 theme=dark\u001b[K\u001b[10;87H[    0.000000] x86/fpu: Supporting XSAVE feature 0x001: 'x87 floating point register\u001b[11;87Hs'\u001b[K\u001b[12;87H[    0.000000] x86/fpu: Supporting XSAVE feature 0x002: 'SSE registers'\u001b[K\u001b[13;87H[    0.000000] x86/fpu: Supporting XSAVE feature 0x008: 'MPX bounds registers'\u001b[K\u001b[14;87H[    0.000000] x86/fpu: Supporting XSAVE feature 0x010: 'MPX CSR'\u001b[K\u001b[15;87H[    0.000000] x86/fpu: xstate_offset[3]:  576, xstate_sizes[3]:   64\u001b[K\u001b[16;87H[    0.000000] x86/fpu: xstate_offset[4]:  640, xstate_sizes[4]:   64\u001b[K\u001b[17;87H[    0.000000] x86/fpu: Enabled xstate features 0x1b, context size is 704 bytes, usi\u001b[18;87Hng 'compacted' format.\u001b[K\u001b[19;87H[    0.000000] BIOS-provided physical RAM map:\u001b[K\u001b[20;87H[    0.000000] BIOS-e820: [mem 0x0000000000000000-0x000000000009fbff] usable\u001b[K\u001b[21;87H[    0.000000] BIOS-e820: [mem 0x000000000009fc00-0x000000000009ffff] reserved\u001b[K\u001b[22;87H[    0.000000] BIOS-e8"]
[70.36921, "o", "20: [mem 0x00000000000f0000-0x00000000000fffff] reserved\u001b[K\u001b[23;87H[    0.000000] BIOS-e820: [mem 0x0000000000100000-0x000000003ffdbfff] usable\u001b[K\u001b[24;87H[    0.000000] BIOS-e820: [mem 0x000000003ffdc000-0x000000003fffffff] reserved\u001b[K\u001b[25;87H[    0.000000] BIOS-e820: [mem 0x00000000b0000000-0x00000000bfffffff] reserved\u001b[K\u001b[26;87H[    0.000000] BIOS-e820: [mem 0x00000000fed1c000-0x00000000fed1ffff] reserved\u001b[K\u001b[27;87H[    0.000000] BIOS-e820: [mem 0x00000000feffc000-0x00000000feffffff] reserved\u001b[K\u001b[28;87H[    0.000000] BIOS-e820: [mem 0x00000000fffc0000-0x00000000ffffffff] reserved\u001b[K\u001b[29;87H[    0.000000] NX (Execute Disable) protection: active\u001b[K\u001b[30;87H[    0.000000] SMBIOS 2.8 present.\u001b[K\u001b[31;87H[    0.000000] DMI: QEMU Standard PC (Q35 + ICH9, 2009), BIOS 1.14.0-2 04/01/2014\u001b[K\u001b[32;87H[    0.000000] Hypervisor detected: KVM\u001b[K\u001b[33;87H[    0.000000] kvm-clock: Using msrs 4b564d01 and 4b564d00\u001b[K\u001b[34;87H[    0.000000] kvm-clock: cpu 0, msr eef3001, primary cpu clock\u001b[K\u001b[35;87H[    0.000000] kvm-clock: usin"]
[70.369364, "o", "g sched offset of 841418799 cycles\u001b[K\u001b[36;87H[    0.000005] clocksource: kvm-clock: mask: 0xffffffffffffffff max_cycles: 0x1cd42e\u001b[37;87H4dffb, max_idle_ns: 881590591483 ns\u001b[K\u001b[38;87H[    0.000012] tsc: Detected 3504.000 MHz processor\u001b[K\u001b[39;87H[    0.000376] last_pfn = 0x3ffdc max_arch_pfn = 0x400000000\u001b[K\u001b[40;87H[    0.000426] x86/PAT: Configuration [0-7]: WB  WC  UC- UC  WB  WP  UC- WT  \u001b[K\u001b[41;87H[    0.008455] found SMP MP-table at [mem 0x000f5cc0-0x000f5ccf]\u001b[K\u001b[42;87H[    0.008648] Using GB pages for direct mapping\u001b[K\u001b[43;87H[    0.008759] RAMDISK: [mem 0x3eecc000-0x3ffcffff]\u001b[K\u001b[44;87H[    0.008770] ACPI: Early table checksum verification disabled\u001b[K\u001b[45;87H[    0.008790] ACPI: RSDP 0x00000000000F5AD0 000014 (v00 BOCHS )\u001b[K\u001b[46;87H[    0.008796] ACPI: RSDT 0x000000003FFE2075 000034 (v01 BOCHS  BXPCRSDT 00000001 BX\u001b[47;87HPC 0\u001b[K\u001b[?25h\u001b[?0c\u001b[?25l\u001b[?1c\u001b[1;87HAsignando 'bullseye.qcow2'                                   | 4.0 GB  00:00:00     \u001b[2;87HRunning text console command: virsh --connect qemu:///se"]
[70.369529, "o", "ssion console bullseye\u001b[K\u001b[3;87HConnected to domain 'bullseye'\u001b[K\u001b[4;87HEscape character is ^] (Ctrl + ])\u001b[K\u001b[5;87H[    0.000000] Linux version 5.10.0-18-amd64 (debian-kernel@lists.debian.org) (gcc-1\u001b[6;87H0 (Debian 10.2.1-6) 10.2.1 20210110, GNU ld (GNU Binutils for Debian) 2.35.2) #1 SMP\u001b[7;87H Debian 5.10.140-1 (2022-09-02)\u001b[K\u001b[8;87H[    0.000000] Command line: console=ttyS0 theme=dark\u001b[K\u001b[9;87H[    0.000000] x86/fpu: Supporting XSAVE feature 0x001: 'x87 floating point register\u001b[10;87Hs'\u001b[K\u001b[11;87H[    0.000000] x86/fpu: Supporting XSAVE feature 0x002: 'SSE registers'\u001b[K\u001b[12;87H[    0.000000] x86/fpu: Supporting XSAVE feature 0x008: 'MPX bounds registers'\u001b[K\u001b[13;87H[    0.000000] x86/fpu: Supporting XSAVE feature 0x010: 'MPX CSR'\u001b[K\u001b[14;87H[    0.000000] x86/fpu: xstate_offset[3]:  576, xstate_sizes[3]:   64\u001b[K\u001b[15;87H[    0.000000] x86/fpu: xstate_offset[4]:  640, xstate_sizes[4]:   64\u001b[K\u001b[16;87H[    0.000000] x86/fpu: Enabled xstate features 0x1b, context size is 704 bytes, usi\u001b[17;87Hng 'compacted' form"]
[70.369694, "o", "at.\u001b[K\u001b[18;87H[    0.000000] BIOS-provided physical RAM map:\u001b[K\u001b[19;87H[    0.000000] BIOS-e820: [mem 0x0000000000000000-0x000000000009fbff] usable\u001b[K\u001b[20;87H[    0.000000] BIOS-e820: [mem 0x000000000009fc00-0x000000000009ffff] reserved\u001b[K\u001b[21;87H[    0.000000] BIOS-e820: [mem 0x00000000000f0000-0x00000000000fffff] reserved\u001b[K\u001b[22;87H[    0.000000] BIOS-e820: [mem 0x0000000000100000-0x000000003ffdbfff] usable\u001b[K\u001b[23;87H[    0.000000] BIOS-e820: [mem 0x000000003ffdc000-0x000000003fffffff] reserved\u001b[K\u001b[24;87H[    0.000000] BIOS-e820: [mem 0x00000000b0000000-0x00000000bfffffff] reserved\u001b[K\u001b[25;87H[    0.000000] BIOS-e820: [mem 0x00000000fed1c000-0x00000000fed1ffff] reserved\u001b[K\u001b[26;87H[    0.000000] BIOS-e820: [mem 0x00000000feffc000-0x00000000feffffff] reserved\u001b[K\u001b[27;87H[    0.000000] BIOS-e820: [mem 0x00000000fffc0000-0x00000000ffffffff] reserved\u001b[K\u001b[28;87H[    0.000000] NX (Execute Disable) protection: active\u001b[K\u001b[29;87H[    0.000000] SMBIOS 2.8 present.\u001b[K\u001b[30;87H[    0.000000] DMI: QEMU Standard PC (Q35 + IC"]
[70.369849, "o", "H9, 2009), BIOS 1.14.0-2 04/01/2014\u001b[K\u001b[31;87H[    0.000000] Hypervisor detected: KVM\u001b[K\u001b[32;87H[    0.000000] kvm-clock: Using msrs 4b564d01 and 4b564d00\u001b[K\u001b[33;87H[    0.000000] kvm-clock: cpu 0, msr eef3001, primary cpu clock\u001b[K\u001b[34;87H[    0.000000] kvm-clock: using sched offset of 841418799 cycles\u001b[K\u001b[35;87H[    0.000005] clocksource: kvm-clock: mask: 0xffffffffffffffff max_cycles: 0x1cd42e\u001b[36;87H4dffb, max_idle_ns: 881590591483 ns\u001b[K\u001b[37;87H[    0.000012] tsc: Detected 3504.000 MHz processor\u001b[K\u001b[38;87H[    0.000376] last_pfn = 0x3ffdc max_arch_pfn = 0x400000000\u001b[K\u001b[39;87H[    0.000426] x86/PAT: Configuration [0-7]: WB  WC  UC- UC  WB  WP  UC- WT  \u001b[K\u001b[40;87H[    0.008455] found SMP MP-table at [mem 0x000f5cc0-0x000f5ccf]\u001b[K\u001b[41;87H[    0.008648] Using GB pages for direct mapping\u001b[K\u001b[42;87H[    0.008759] RAMDISK: [mem 0x3eecc000-0x3ffcffff]\u001b[K\u001b[43;87H[    0.008770] ACPI: Early table checksum verification disabled\u001b[K\u001b[44;87H[    0.008790] ACPI: RSDP 0x00000000000F5AD0 000014 (v00 BOCHS )\u001b[K\u001b[45;87H[    0"]
[70.371057, "o", ".008796] ACPI: RSDT 0x000000003FFE2075 000034 (v01 BOCHS  BXPCRSDT 00000001 BX\u001b[46;87HPC 00000001)\u001b[K\u001b[47;87H[ \u001b[K\u001b[?25h\u001b[?0c   0.008807] ACPI: FACP 0x000000003FFE1E9D 0000F4 (v03 BOCHS  BXPCFACP 0000000"]
[70.37168, "o", "\u001b[?25l\u001b[?1c\u001b[1;87H0 (Debian 10.2.1-6) 10.2.1 20210110, GNU ld (GNU Binutils for Debian) 2.35.2) #1 SMP\u001b[2;87H Debian 5.10.140-1 (2022-09-02)\u001b[K\u001b[3;87H[    0.000000] Command line: console=ttyS0 theme=dark\u001b[K\u001b[4;87H[    0.000000] x86/fpu: Supporting XSAVE feature 0x001: 'x87 floating point register\u001b[5;87Hs'\u001b[K\u001b[6;87H[    0.000000] x86/fpu: Supporting XSAVE feature 0x002: 'SSE registers'\u001b[K\u001b[7;87H[    0.000000] x86/fpu: Supporting XSAVE feature 0x008: 'MPX bounds registers'\u001b[K\u001b[8;87H[    0.000000] x86/fpu: Supporting XSAVE feature 0x010: 'MPX CSR'\u001b[K\u001b[9;87H[    0.000000] x86/fpu: xstate_offset[3]:  576, xstate_sizes[3]:   64\u001b[K\u001b[10;87H[    0.000000] x86/fpu: xstate_offset[4]:  640, xstate_sizes[4]:   64\u001b[K\u001b[11;87H[    0.000000] x86/fpu: Enabled xstate features 0x1b, context size is 704 bytes, usi\u001b[12;87Hng 'compacted' format.\u001b[K\u001b[13;87H[    0.000000] BIOS-provided physical RAM map:\u001b[K\u001b[14;87H[    0.000000] BIOS-e820: [mem 0x0000000000000000-0x000000000009fbff] usable\u001b[K\u001b[15;87H[    0.000000] BIOS-e820: [mem 0x00"]
[70.371852, "o", "0000000009fc00-0x000000000009ffff] reserved\u001b[K\u001b[16;87H[    0.000000] BIOS-e820: [mem 0x00000000000f0000-0x00000000000fffff] reserved\u001b[K\u001b[17;87H[    0.000000] BIOS-e820: [mem 0x0000000000100000-0x000000003ffdbfff] usable\u001b[K\u001b[18;87H[    0.000000] BIOS-e820: [mem 0x000000003ffdc000-0x000000003fffffff] reserved\u001b[K\u001b[19;87H[    0.000000] BIOS-e820: [mem 0x00000000b0000000-0x00000000bfffffff] reserved\u001b[K\u001b[20;87H[    0.000000] BIOS-e820: [mem 0x00000000fed1c000-0x00000000fed1ffff] reserved\u001b[K\u001b[21;87H[    0.000000] BIOS-e820: [mem 0x00000000feffc000-0x00000000feffffff] reserved\u001b[K\u001b[22;87H[    0.000000] BIOS-e820: [mem 0x00000000fffc0000-0x00000000ffffffff] reserved\u001b[K\u001b[23;87H[    0.000000] NX (Execute Disable) protection: active\u001b[K\u001b[24;87H[    0.000000] SMBIOS 2.8 present.\u001b[K\u001b[25;87H[    0.000000] DMI: QEMU Standard PC (Q35 + ICH9, 2009), BIOS 1.14.0-2 04/01/2014\u001b[K\u001b[26;87H[    0.000000] Hypervisor detected: KVM\u001b[K\u001b[27;87H[    0.000000] kvm-clock: Using msrs 4b564d01 and 4b564d00\u001b[K\u001b[28;87H[    0.000000] kvm-clock: cp"]
[70.372004, "o", "u 0, msr eef3001, primary cpu clock\u001b[K\u001b[29;87H[    0.000000] kvm-clock: using sched offset of 841418799 cycles\u001b[K\u001b[30;87H[    0.000005] clocksource: kvm-clock: mask: 0xffffffffffffffff max_cycles: 0x1cd42e\u001b[31;87H4dffb, max_idle_ns: 881590591483 ns\u001b[K\u001b[32;87H[    0.000012] tsc: Detected 3504.000 MHz processor\u001b[K\u001b[33;87H[    0.000376] last_pfn = 0x3ffdc max_arch_pfn = 0x400000000\u001b[K\u001b[34;87H[    0.000426] x86/PAT: Configuration [0-7]: WB  WC  UC- UC  WB  WP  UC- WT  \u001b[K\u001b[35;87H[    0.008455] found SMP MP-table at [mem 0x000f5cc0-0x000f5ccf]\u001b[K\u001b[36;87H[    0.008648] Using GB pages for direct mapping\u001b[K\u001b[37;87H[    0.008759] RAMDISK: [mem 0x3eecc000-0x3ffcffff]\u001b[K\u001b[38;87H[    0.008770] ACPI: Early table checksum verification disabled\u001b[K\u001b[39;87H[    0.008790] ACPI: RSDP 0x00000000000F5AD0 000014 (v00 BOCHS )\u001b[K\u001b[40;87H[    0.008796] ACPI: RSDT 0x000000003FFE2075 000034 (v01 BOCHS  BXPCRSDT 00000001 BX\u001b[41;87HPC 00000001)\u001b[K\u001b[42;87H[    0.008807] ACPI: FACP 0x000000003FFE1E9D 0000F4 (v03 BOCHS  BXPCFACP 00000001 BX"]
[70.372179, "o", "\u001b[43;87HPC 00000001)\u001b[K\u001b[44;87H[    0.008813] ACPI: DSDT 0x000000003FFE0040 001E5D (v01 BOCHS  BXPCDSDT 00000001 BX\u001b[45;87HPC 00000001)\u001b[K\u001b[46;87H[    0.008818] ACPI: FACS 0x000000003FFE0000 000040\u001b[K\u001b[47;87H[    0.008821] ACPI: APIC 0x000000003FFE1F91 000080 (v01 BOCHS  BXPC\u001b[K\u001b[?25h\u001b[?0c"]
[70.372462, "o", "\u001b[?25l\u001b[?1c\u001b[1;87Hs'\u001b[K\u001b[2;87H[    0.000000] x86/fpu: Supporting XSAVE feature 0x002: 'SSE registers'\u001b[K\u001b[3;87H[    0.000000] x86/fpu: Supporting XSAVE feature 0x008: 'MPX bounds registers'\u001b[K\u001b[4;87H[    0.000000] x86/fpu: Supporting XSAVE feature 0x010: 'MPX CSR'\u001b[K\u001b[5;87H[    0.000000] x86/fpu: xstate_offset[3]:  576, xstate_sizes[3]:   64\u001b[K\u001b[6;87H[    0.000000] x86/fpu: xstate_offset[4]:  640, xstate_sizes[4]:   64\u001b[K\u001b[7;87H[    0.000000] x86/fpu: Enabled xstate features 0x1b, context size is 704 bytes, usi\u001b[8;87Hng 'compacted' format.\u001b[K\u001b[9;87H[    0.000000] BIOS-provided physical RAM map:\u001b[K\u001b[10;87H[    0.000000] BIOS-e820: [mem 0x0000000000000000-0x000000000009fbff] usable\u001b[K\u001b[11;87H[    0.000000] BIOS-e820: [mem 0x000000000009fc00-0x000000000009ffff] reserved\u001b[K\u001b[12;87H[    0.000000] BIOS-e820: [mem 0x00000000000f0000-0x00000000000fffff] reserved\u001b[K\u001b[13;87H[    0.000000] BIOS-e820: [mem 0x0000000000100000-0x000000003ffdbfff] usable\u001b[K\u001b[14;87H[    0.000000] BIOS-e820: [mem 0x000000003ffdc000-0x00000000"]
[70.372631, "o", "3fffffff] reserved\u001b[K\u001b[15;87H[    0.000000] BIOS-e820: [mem 0x00000000b0000000-0x00000000bfffffff] reserved\u001b[K\u001b[16;87H[    0.000000] BIOS-e820: [mem 0x00000000fed1c000-0x00000000fed1ffff] reserved\u001b[K\u001b[17;87H[    0.000000] BIOS-e820: [mem 0x00000000feffc000-0x00000000feffffff] reserved\u001b[K\u001b[18;87H[    0.000000] BIOS-e820: [mem 0x00000000fffc0000-0x00000000ffffffff] reserved\u001b[K\u001b[19;87H[    0.000000] NX (Execute Disable) protection: active\u001b[K\u001b[20;87H[    0.000000] SMBIOS 2.8 present.\u001b[K\u001b[21;87H[    0.000000] DMI: QEMU Standard PC (Q35 + ICH9, 2009), BIOS 1.14.0-2 04/01/2014\u001b[K\u001b[22;87H[    0.000000] Hypervisor detected: KVM\u001b[K\u001b[23;87H[    0.000000] kvm-clock: Using msrs 4b564d01 and 4b564d00\u001b[K\u001b[24;87H[    0.000000] kvm-clock: cpu 0, msr eef3001, primary cpu clock\u001b[K\u001b[25;87H[    0.000000] kvm-clock: using sched offset of 841418799 cycles\u001b[K\u001b[26;87H[    0.000005] clocksource: kvm-clock: mask: 0xffffffffffffffff max_cycles: 0x1cd42e\u001b[27;87H4dffb, max_idle_ns: 881590591483 ns\u001b[K\u001b[28;87H[    0.000012] tsc: Detected 35"]
[70.372786, "o", "04.000 MHz processor\u001b[K\u001b[29;87H[    0.000376] last_pfn = 0x3ffdc max_arch_pfn = 0x400000000\u001b[K\u001b[30;87H[    0.000426] x86/PAT: Configuration [0-7]: WB  WC  UC- UC  WB  WP  UC- WT  \u001b[K\u001b[31;87H[    0.008455] found SMP MP-table at [mem 0x000f5cc0-0x000f5ccf]\u001b[K\u001b[32;87H[    0.008648] Using GB pages for direct mapping\u001b[K\u001b[33;87H[    0.008759] RAMDISK: [mem 0x3eecc000-0x3ffcffff]\u001b[K\u001b[34;87H[    0.008770] ACPI: Early table checksum verification disabled\u001b[K\u001b[35;87H[    0.008790] ACPI: RSDP 0x00000000000F5AD0 000014 (v00 BOCHS )\u001b[K\u001b[36;87H[    0.008796] ACPI: RSDT 0x000000003FFE2075 000034 (v01 BOCHS  BXPCRSDT 00000001 BX\u001b[37;87HPC 00000001)\u001b[K\u001b[38;87H[    0.008807] ACPI: FACP 0x000000003FFE1E9D 0000F4 (v03 BOCHS  BXPCFACP 00000001 BX\u001b[39;87HPC 00000001)\u001b[K\u001b[40;87H[    0.008813] ACPI: DSDT 0x000000003FFE0040 001E5D (v01 BOCHS  BXPCDSDT 00000001 BX\u001b[41;87HPC 00000001)\u001b[K\u001b[42;87H[    0.008818] ACPI: FACS 0x000000003FFE0000 000040\u001b[K\u001b[43;87H[    0.008821] ACPI: APIC 0x000000003FFE1F91 000080 (v01 BOCHS  BXPCAPIC 00000001 "]
[70.372952, "o", "BX\u001b[44;87HPC 00000001)\u001b[K\u001b[45;87H[    0.008825] ACPI: MCFG 0x000000003FFE2011 00003C (v01 BOCHS  BXPCMCFG 00000001 BX\u001b[46;87HPC 00000001)\u001b[K\u001b[47;87H\u001b[K\u001b[?25h\u001b[?0c"]
[70.375103, "o", "\u001b[?25l\u001b[?1c\u001b[1d[    0.000000] x86/fpu: xstate_offset[4]:  640, xstate_sizes[4]:   64\u001b[K\u001b[2;87H[    0.000000] x86/fpu: Enabled xstate features 0x1b, context size is 704 bytes, usi\u001b[3;87Hng 'compacted' format.\u001b[K\u001b[4;87H[    0.000000] BIOS-provided physical RAM map:\u001b[K\u001b[5;87H[    0.000000] BIOS-e820: [mem 0x0000000000000000-0x000000000009fbff] usable\u001b[K\u001b[6;87H[    0.000000] BIOS-e820: [mem 0x000000000009fc00-0x000000000009ffff] reserved\u001b[K\u001b[7;87H[    0.000000] BIOS-e820: [mem 0x00000000000f0000-0x00000000000fffff] reserved\u001b[K\u001b[8;87H[    0.000000] BIOS-e820: [mem 0x0000000000100000-0x000000003ffdbfff] usable\u001b[K\u001b[9;87H[    0.000000] BIOS-e820: [mem 0x000000003ffdc000-0x000000003fffffff] reserved\u001b[K\u001b[10;87H[    0.000000] BIOS-e820: [mem 0x00000000b0000000-0x00000000bfffffff] reserved\u001b[K\u001b[11;87H[    0.000000] BIOS-e820: [mem 0x00000000fed1c000-0x00000000fed1ffff] reserved\u001b[K\u001b[12;87H[    0.000000] BIOS-e820: [mem 0x00000000feffc000-0x00000000feffffff] reserved\u001b[K\u001b[13;87H[    0.000000] BIOS-e820: [mem 0x00000000fffc00"]
[70.375286, "o", "00-0x00000000ffffffff] reserved\u001b[K\u001b[14;87H[    0.000000] NX (Execute Disable) protection: active\u001b[K\u001b[15;87H[    0.000000] SMBIOS 2.8 present.\u001b[K\u001b[16;87H[    0.000000] DMI: QEMU Standard PC (Q35 + ICH9, 2009), BIOS 1.14.0-2 04/01/2014\u001b[K\u001b[17;87H[    0.000000] Hypervisor detected: KVM\u001b[K\u001b[18;87H[    0.000000] kvm-clock: Using msrs 4b564d01 and 4b564d00\u001b[K\u001b[19;87H[    0.000000] kvm-clock: cpu 0, msr eef3001, primary cpu clock\u001b[K\u001b[20;87H[    0.000000] kvm-clock: using sched offset of 841418799 cycles\u001b[K\u001b[21;87H[    0.000005] clocksource: kvm-clock: mask: 0xffffffffffffffff max_cycles: 0x1cd42e\u001b[22;87H4dffb, max_idle_ns: 881590591483 ns\u001b[K\u001b[23;87H[    0.000012] tsc: Detected 3504.000 MHz processor\u001b[K\u001b[24;87H[    0.000376] last_pfn = 0x3ffdc max_arch_pfn = 0x400000000\u001b[K\u001b[25;87H[    0.000426] x86/PAT: Configuration [0-7]: WB  WC  UC- UC  WB  WP  UC- WT  \u001b[K\u001b[26;87H[    0.008455] found SMP MP-table at [mem 0x000f5cc0-0x000f5ccf]\u001b[K\u001b[27;87H[    0.008648] Using GB pages for direct mapping\u001b[K\u001b[28;87H[    0.008759] RAMD"]
[70.375454, "o", "ISK: [mem 0x3eecc000-0x3ffcffff]\u001b[K\u001b[29;87H[    0.008770] ACPI: Early table checksum verification disabled\u001b[K\u001b[30;87H[    0.008790] ACPI: RSDP 0x00000000000F5AD0 000014 (v00 BOCHS )\u001b[K\u001b[31;87H[    0.008796] ACPI: RSDT 0x000000003FFE2075 000034 (v01 BOCHS  BXPCRSDT 00000001 BX\u001b[32;87HPC 00000001)\u001b[K\u001b[33;87H[    0.008807] ACPI: FACP 0x000000003FFE1E9D 0000F4 (v03 BOCHS  BXPCFACP 00000001 BX\u001b[34;87HPC 00000001)\u001b[K\u001b[35;87H[    0.008813] ACPI: DSDT 0x000000003FFE0040 001E5D (v01 BOCHS  BXPCDSDT 00000001 BX\u001b[36;87HPC 00000001)\u001b[K\u001b[37;87H[    0.008818] ACPI: FACS 0x000000003FFE0000 000040\u001b[K\u001b[38;87H[    0.008821] ACPI: APIC 0x000000003FFE1F91 000080 (v01 BOCHS  BXPCAPIC 00000001 BX\u001b[39;87HPC 00000001)\u001b[K\u001b[40;87H[    0.008825] ACPI: MCFG 0x000000003FFE2011 00003C (v01 BOCHS  BXPCMCFG 00000001 BX\u001b[41;87HPC 00000001)\u001b[K\u001b[42;87H[    0.008828] ACPI: WAET 0x000000003FFE204D 000028 (v01 BOCHS  BXPCWAET 00000001 BX\u001b[43;87HPC 00000001)\u001b[K\u001b[44;87H[    0.008831] ACPI: Reserving FACP table memory at [mem 0x3ffe1e9d-0x3ffe1f90]\u001b"]
[70.375625, "o", "[K\u001b[45;87H[    0.008832] ACPI: Reserving DSDT table memory at [mem 0x3ffe0040-0x3ffe1e9c]\u001b[K\u001b[46;87H[    0.008833] ACPI: Reserving FACS table memory at [mem 0x3ffe0000-0x3ffe003f]\u001b[K\u001b[47;87H[    0.008834] ACPI\u001b[K\u001b[?25h\u001b[?0c"]
[70.377185, "o", "\u001b[?25l\u001b[?1c\u001b[1;87Hng 'compacted' format.\u001b[K\u001b[2;87H[    0.000000] BIOS-provided physical RAM map:\u001b[K\u001b[3;87H[    0.000000] BIOS-e820: [mem 0x0000000000000000-0x000000000009fbff] usable\u001b[K\u001b[4;87H[    0.000000] BIOS-e820: [mem 0x000000000009fc00-0x000000000009ffff] reserved\u001b[K\u001b[5;87H[    0.000000] BIOS-e820: [mem 0x00000000000f0000-0x00000000000fffff] reserved\u001b[K\u001b[6;87H[    0.000000] BIOS-e820: [mem 0x0000000000100000-0x000000003ffdbfff] usable\u001b[K\u001b[7;87H[    0.000000] BIOS-e820: [mem 0x000000003ffdc000-0x000000003fffffff] reserved\u001b[K\u001b[8;87H[    0.000000] BIOS-e820: [mem 0x00000000b0000000-0x00000000bfffffff] reserved\u001b[K\u001b[9;87H[    0.000000] BIOS-e820: [mem 0x00000000fed1c000-0x00000000fed1ffff] reserved\u001b[K\u001b[10;87H[    0.000000] BIOS-e820: [mem 0x00000000feffc000-0x00000000feffffff] reserved\u001b[K\u001b[11;87H[    0.000000] BIOS-e820: [mem 0x00000000fffc0000-0x00000000ffffffff] reserved\u001b[K\u001b[12;87H[    0.000000] NX (Execute Disable) protection: active\u001b[K\u001b[13;87H[    0.000000] SMBIOS 2.8 present.\u001b[K\u001b[14;87H[    0.000000] DM"]
[70.377358, "o", "I: QEMU Standard PC (Q35 + ICH9, 2009), BIOS 1.14.0-2 04/01/2014\u001b[K\u001b[15;87H[    0.000000] Hypervisor detected: KVM\u001b[K\u001b[16;87H[    0.000000] kvm-clock: Using msrs 4b564d01 and 4b564d00\u001b[K\u001b[17;87H[    0.000000] kvm-clock: cpu 0, msr eef3001, primary cpu clock\u001b[K\u001b[18;87H[    0.000000] kvm-clock: using sched offset of 841418799 cycles\u001b[K\u001b[19;87H[    0.000005] clocksource: kvm-clock: mask: 0xffffffffffffffff max_cycles: 0x1cd42e\u001b[20;87H4dffb, max_idle_ns: 881590591483 ns\u001b[K\u001b[21;87H[    0.000012] tsc: Detected 3504.000 MHz processor\u001b[K\u001b[22;87H[    0.000376] last_pfn = 0x3ffdc max_arch_pfn = 0x400000000\u001b[K\u001b[23;87H[    0.000426] x86/PAT: Configuration [0-7]: WB  WC  UC- UC  WB  WP  UC- WT  \u001b[K\u001b[24;87H[    0.008455] found SMP MP-table at [mem 0x000f5cc0-0x000f5ccf]\u001b[K\u001b[25;87H[    0.008648] Using GB pages for direct mapping\u001b[K\u001b[26;87H[    0.008759] RAMDISK: [mem 0x3eecc000-0x3ffcffff]\u001b[K\u001b[27;87H[    0.008770] ACPI: Early table checksum verification disabled\u001b[K\u001b[28;87H[    0.008790] ACPI: RSDP 0x00000000000F5AD0 000014 "]
[70.377506, "o", "(v00 BOCHS )\u001b[K\u001b[29;87H[    0.008796] ACPI: RSDT 0x000000003FFE2075 000034 (v01 BOCHS  BXPCRSDT 00000001 BX\u001b[30;87HPC 00000001)\u001b[K\u001b[31;87H[    0.008807] ACPI: FACP 0x000000003FFE1E9D 0000F4 (v03 BOCHS  BXPCFACP 00000001 BX\u001b[32;87HPC 00000001)\u001b[K\u001b[33;87H[    0.008813] ACPI: DSDT 0x000000003FFE0040 001E5D (v01 BOCHS  BXPCDSDT 00000001 BX\u001b[34;87HPC 00000001)\u001b[K\u001b[35;87H[    0.008818] ACPI: FACS 0x000000003FFE0000 000040\u001b[K\u001b[36;87H[    0.008821] ACPI: APIC 0x000000003FFE1F91 000080 (v01 BOCHS  BXPCAPIC 00000001 BX\u001b[37;87HPC 00000001)\u001b[K\u001b[38;87H[    0.008825] ACPI: MCFG 0x000000003FFE2011 00003C (v01 BOCHS  BXPCMCFG 00000001 BX\u001b[39;87HPC 00000001)\u001b[K\u001b[40;87H[    0.008828] ACPI: WAET 0x000000003FFE204D 000028 (v01 BOCHS  BXPCWAET 00000001 BX\u001b[41;87HPC 00000001)\u001b[K\u001b[42;87H[    0.008831] ACPI: Reserving FACP table memory at [mem 0x3ffe1e9d-0x3ffe1f90]\u001b[K\u001b[43;87H[    0.008832] ACPI: Reserving DSDT table memory at [mem 0x3ffe0040-0x3ffe1e9c]\u001b[K\u001b[44;87H[    0.008833] ACPI: Reserving FACS table memory at [mem 0x3ffe0000-0"]
[70.379016, "o", "x3ffe003f]\u001b[K\u001b[45;87H[    0.008834] ACPI: Reserving APIC table memory at [mem 0x3ffe1f91-0x3ffe2010]\u001b[K\u001b[46;87H[    0.008835] ACPI: Reserving MCFG table memory at [mem 0x3ffe2011-0x3ffe204c]\u001b[K\u001b[47;87H[    0.008836] ACPI: Reserving WAET table memory at [mem 0x3ffe204d-0x3ffe2074\u001b[K\u001b[?25h\u001b[?0c\u001b[?25l\u001b[?1c\u001b[1;87H[    0.000000] BIOS-e820: [mem 0x0000000000000000-0x000000000009fbff] usable\u001b[K\u001b[2;87H[    0.000000] BIOS-e820: [mem 0x000000000009fc00-0x000000000009ffff] reserved\u001b[K\u001b[3;87H[    0.000000] BIOS-e820: [mem 0x00000000000f0000-0x00000000000fffff] reserved\u001b[K\u001b[4;87H[    0.000000] BIOS-e820: [mem 0x0000000000100000-0x000000003ffdbfff] usable\u001b[K\u001b[5;87H[    0.000000] BIOS-e820: [mem 0x000000003ffdc000-0x000000003fffffff] reserved\u001b[K\u001b[6;87H[    0.000000] BIOS-e820: [mem 0x00000000b0000000-0x00000000bfffffff] reserved\u001b[K\u001b[7;87H[    0.000000] BIOS-e820: [mem 0x00000000fed1c000-0x00000000fed1ffff] reserved\u001b[K\u001b[8;87H[    0.000000] BIOS-e820: [mem 0x00000000feffc000-0x00000000feffffff] reserved\u001b[K\u001b[9;87H[    0.000000"]
[70.379139, "o", "] BIOS-e820: [mem 0x00000000fffc0000-0x00000000ffffffff] reserved\u001b[K\u001b[10;87H[    0.000000] NX (Execute Disable) protection: active\u001b[K\u001b[11;87H[    0.000000] SMBIOS 2.8 present.\u001b[K\u001b[12;87H[    0.000000] DMI: QEMU Standard PC (Q35 + ICH9, 2009), BIOS 1.14.0-2 04/01/2014\u001b[K\u001b[13;87H[    0.000000] Hypervisor detected: KVM\u001b[K\u001b[14;87H[    0.000000] kvm-clock: Using msrs 4b564d01 and 4b564d00\u001b[K\u001b[15;87H[    0.000000] kvm-clock: cpu 0, msr eef3001, primary cpu clock\u001b[K\u001b[16;87H[    0.000000] kvm-clock: using sched offset of 841418799 cycles\u001b[K\u001b[17;87H[    0.000005] clocksource: kvm-clock: mask: 0xffffffffffffffff max_cycles: 0x1cd42e\u001b[18;87H4dffb, max_idle_ns: 881590591483 ns\u001b[K\u001b[19;87H[    0.000012] tsc: Detected 3504.000 MHz processor\u001b[K\u001b[20;87H[    0.000376] last_pfn = 0x3ffdc max_arch_pfn = 0x400000000\u001b[K\u001b[21;87H[    0.000426] x86/PAT: Configuration [0-7]: WB  WC  UC- UC  WB  WP  UC- WT  \u001b[K\u001b[22;87H[    0.008455] found SMP MP-table at [mem 0x000f5cc0-0x000f5ccf]\u001b[K\u001b[23;87H[    0.008648] Using GB pages for direct map"]
[70.379282, "o", "ping\u001b[K\u001b[24;87H[    0.008759] RAMDISK: [mem 0x3eecc000-0x3ffcffff]\u001b[K\u001b[25;87H[    0.008770] ACPI: Early table checksum verification disabled\u001b[K\u001b[26;87H[    0.008790] ACPI: RSDP 0x00000000000F5AD0 000014 (v00 BOCHS )\u001b[K\u001b[27;87H[    0.008796] ACPI: RSDT 0x000000003FFE2075 000034 (v01 BOCHS  BXPCRSDT 00000001 BX\u001b[28;87HPC 00000001)\u001b[K\u001b[29;87H[    0.008807] ACPI: FACP 0x000000003FFE1E9D 0000F4 (v03 BOCHS  BXPCFACP 00000001 BX\u001b[30;87HPC 00000001)\u001b[K\u001b[31;87H[    0.008813] ACPI: DSDT 0x000000003FFE0040 001E5D (v01 BOCHS  BXPCDSDT 00000001 BX\u001b[32;87HPC 00000001)\u001b[K\u001b[33;87H[    0.008818] ACPI: FACS 0x000000003FFE0000 000040\u001b[K\u001b[34;87H[    0.008821] ACPI: APIC 0x000000003FFE1F91 000080 (v01 BOCHS  BXPCAPIC 00000001 BX\u001b[35;87HPC 00000001)\u001b[K\u001b[36;87H[    0.008825] ACPI: MCFG 0x000000003FFE2011 00003C (v01 BOCHS  BXPCMCFG 00000001 BX\u001b[37;87HPC 00000001)\u001b[K\u001b[38;87H[    0.008828] ACPI: WAET 0x000000003FFE204D 000028 (v01 BOCHS  BXPCWAET 00000001 BX\u001b[39;87HPC 00000001)\u001b[K\u001b[40;87H[    0.008831] ACPI: Reserving FACP table memo"]
[70.379438, "o", "ry at [mem 0x3ffe1e9d-0x3ffe1f90]\u001b[K\u001b[41;87H[    0.008832] ACPI: Reserving DSDT table memory at [mem 0x3ffe0040-0x3ffe1e9c]\u001b[K\u001b[42;87H[    0.008833] ACPI: Reserving FACS table memory at [mem 0x3ffe0000-0x3ffe003f]\u001b[K\u001b[43;87H[    0.008834] ACPI: Reserving APIC table memory at [mem 0x3ffe1f91-0x3ffe2010]\u001b[K\u001b[44;87H[    0.008835] ACPI: Reserving MCFG table memory at [mem 0x3ffe2011-0x3ffe204c]\u001b[K\u001b[45;87H[    0.008836] ACPI: Reserving WAET table memory at [mem 0x3ffe204d-0x3ffe2074]\u001b[K\u001b[46;87H[    0.009042] No NUMA configuration found\u001b[K\u001b[47;87H[    0.009043] Fak\u001b[K\u001b[?25h\u001b[?0cing a node at [mem 0x0000000000000000-0x000000003ffdbf\u001b[?25l\u001b[?1c\u001b[1;87H[    0.000000] BIOS-e820: [mem 0x000000000009fc00-0x000000000009ffff] reserved\u001b[K\u001b[2;87H[    0.000000] BIOS-e820: [mem 0x00000000000f0000-0x00000000000fffff] reserved\u001b[K\u001b[3;87H[    0.000000] BIOS-e820: [mem 0x0000000000100000-0x000000003ffdbfff] usable\u001b[K\u001b[4;87H[    0.000000] BIOS-e820: [mem 0x000000003ffdc000-0x000000003fffffff] reserved\u001b[K\u001b[5;87H[    0.000000] BIOS-e82"]
[70.379565, "o", "0: [mem 0x00000000b0000000-0x00000000bfffffff] reserved\u001b[K\u001b[6;87H[    0.000000] BIOS-e820: [mem 0x00000000fed1c000-0x00000000fed1ffff] reserved\u001b[K\u001b[7;87H[    0.000000] BIOS-e820: [mem 0x00000000feffc000-0x00000000feffffff] reserved\u001b[K\u001b[8;87H[    0.000000] BIOS-e820: [mem 0x00000000fffc0000-0x00000000ffffffff] reserved\u001b[K\u001b[9;87H[    0.000000] NX (Execute Disable) protection: active\u001b[K\u001b[10;87H[    0.000000] SMBIOS 2.8 present.\u001b[K\u001b[11;87H[    0.000000] DMI: QEMU Standard PC (Q35 + ICH9, 2009), BIOS 1.14.0-2 04/01/2014\u001b[K\u001b[12;87H[    0.000000] Hypervisor detected: KVM\u001b[K\u001b[13;87H[    0.000000] kvm-clock: Using msrs 4b564d01 and 4b564d00\u001b[K\u001b[14;87H[    0.000000] kvm-clock: cpu 0, msr eef3001, primary cpu clock\u001b[K\u001b[15;87H[    0.000000] kvm-clock: using sched offset of 841418799 cycles\u001b[K\u001b[16;87H[    0.000005] clocksource: kvm-clock: mask: 0xffffffffffffffff max_cycles: 0x1cd42e\u001b[17;87H4dffb, max_idle_ns: 881590591483 ns\u001b[K\u001b[18;87H[    0.000012] tsc: Detected 3504.000 MHz processor\u001b[K\u001b[19;87H[    0.000376] last_pfn ="]
[70.379702, "o", " 0x3ffdc max_arch_pfn = 0x400000000\u001b[K\u001b[20;87H[    0.000426] x86/PAT: Configuration [0-7]: WB  WC  UC- UC  WB  WP  UC- WT  \u001b[K\u001b[21;87H[    0.008455] found SMP MP-table at [mem 0x000f5cc0-0x000f5ccf]\u001b[K\u001b[22;87H[    0.008648] Using GB pages for direct mapping\u001b[K\u001b[23;87H[    0.008759] RAMDISK: [mem 0x3eecc000-0x3ffcffff]\u001b[K\u001b[24;87H[    0.008770] ACPI: Early table checksum verification disabled\u001b[K\u001b[25;87H[    0.008790] ACPI: RSDP 0x00000000000F5AD0 000014 (v00 BOCHS )\u001b[K\u001b[26;87H[    0.008796] ACPI: RSDT 0x000000003FFE2075 000034 (v01 BOCHS  BXPCRSDT 00000001 BX\u001b[27;87HPC 00000001)\u001b[K\u001b[28;87H[    0.008807] ACPI: FACP 0x000000003FFE1E9D 0000F4 (v03 BOCHS  BXPCFACP 00000001 BX\u001b[29;87HPC 00000001)\u001b[K\u001b[30;87H[    0.008813] ACPI: DSDT 0x000000003FFE0040 001E5D (v01 BOCHS  BXPCDSDT 00000001 BX\u001b[31;87HPC 00000001)\u001b[K\u001b[32;87H[    0.008818] ACPI: FACS 0x000000003FFE0000 000040\u001b[K\u001b[33;87H[    0.008821] ACPI: APIC 0x000000003FFE1F91 000080 (v01 BOCHS  BXPCAPIC 00000001 BX\u001b[34;87HPC 00000001)\u001b[K\u001b[35;87H[    0.008825] ACPI: MC"]
[70.379851, "o", "FG 0x000000003FFE2011 00003C (v01 BOCHS  BXPCMCFG 00000001 BX\u001b[36;87HPC 00000001)\u001b[K\u001b[37;87H[    0.008828] ACPI: WAET 0x000000003FFE204D 000028 (v01 BOCHS  BXPCWAET 00000001 BX\u001b[38;87HPC 00000001)\u001b[K\u001b[39;87H[    0.008831] ACPI: Reserving FACP table memory at [mem 0x3ffe1e9d-0x3ffe1f90]\u001b[K\u001b[40;87H[    0.008832] ACPI: Reserving DSDT table memory at [mem 0x3ffe0040-0x3ffe1e9c]\u001b[K\u001b[41;87H[    0.008833] ACPI: Reserving FACS table memory at [mem 0x3ffe0000-0x3ffe003f]\u001b[K\u001b[42;87H[    0.008834] ACPI: Reserving APIC table memory at [mem 0x3ffe1f91-0x3ffe2010]\u001b[K\u001b[43;87H[    0.008835] ACPI: Reserving MCFG table memory at [mem 0x3ffe2011-0x3ffe204c]\u001b[K\u001b[44;87H[    0.008836] ACPI: Reserving WAET table memory at [mem 0x3ffe204d-0x3ffe2074]\u001b[K\u001b[45;87H[    0.009042] No NUMA configuration found\u001b[K\u001b[46;87H[    0.009043] Faking a node at [mem 0x0000000000000000-0x000000003ffdbfff]\u001b[K\u001b[47;87H\u001b[K\u001b[?25h\u001b[?0c[    0.009060] NODE_DATA(0) allocated"]
[70.380428, "o", "\u001b[?25l\u001b[?1c\u001b[1;87H[    0.000000] BIOS-e820: [mem 0x0000000000100000-0x000000003ffdbfff] usable\u001b[K\u001b[2;87H[    0.000000] BIOS-e820: [mem 0x000000003ffdc000-0x000000003fffffff] reserved\u001b[K\u001b[3;87H[    0.000000] BIOS-e820: [mem 0x00000000b0000000-0x00000000bfffffff] reserved\u001b[K\u001b[4;87H[    0.000000] BIOS-e820: [mem 0x00000000fed1c000-0x00000000fed1ffff] reserved\u001b[K\u001b[5;87H[    0.000000] BIOS-e820: [mem 0x00000000feffc000-0x00000000feffffff] reserved\u001b[K\u001b[6;87H[    0.000000] BIOS-e820: [mem 0x00000000fffc0000-0x00000000ffffffff] reserved\u001b[K\u001b[7;87H[    0.000000] NX (Execute Disable) protection: active\u001b[K\u001b[8;87H[    0.000000] SMBIOS 2.8 present.\u001b[K\u001b[9;87H[    0.000000] DMI: QEMU Standard PC (Q35 + ICH9, 2009), BIOS 1.14.0-2 04/01/2014\u001b[K\u001b[10;87H[    0.000000] Hypervisor detected: KVM\u001b[K\u001b[11;87H[    0.000000] kvm-clock: Using msrs 4b564d01 and 4b564d00\u001b[K\u001b[12;87H[    0.000000] kvm-clock: cpu 0, msr eef3001, primary cpu clock\u001b[K\u001b[13;87H[    0.000000] kvm-clock: using sched offset of 841418799 cycles\u001b[K\u001b[14;87H[    0.00000"]
[70.380568, "o", "5] clocksource: kvm-clock: mask: 0xffffffffffffffff max_cycles: 0x1cd42e\u001b[15;87H4dffb, max_idle_ns: 881590591483 ns\u001b[K\u001b[16;87H[    0.000012] tsc: Detected 3504.000 MHz processor\u001b[K\u001b[17;87H[    0.000376] last_pfn = 0x3ffdc max_arch_pfn = 0x400000000\u001b[K\u001b[18;87H[    0.000426] x86/PAT: Configuration [0-7]: WB  WC  UC- UC  WB  WP  UC- WT  \u001b[K\u001b[19;87H[    0.008455] found SMP MP-table at [mem 0x000f5cc0-0x000f5ccf]\u001b[K\u001b[20;87H[    0.008648] Using GB pages for direct mapping\u001b[K\u001b[21;87H[    0.008759] RAMDISK: [mem 0x3eecc000-0x3ffcffff]\u001b[K\u001b[22;87H[    0.008770] ACPI: Early table checksum verification disabled\u001b[K\u001b[23;87H[    0.008790] ACPI: RSDP 0x00000000000F5AD0 000014 (v00 BOCHS )\u001b[K\u001b[24;87H[    0.008796] ACPI: RSDT 0x000000003FFE2075 000034 (v01 BOCHS  BXPCRSDT 00000001 BX\u001b[25;87HPC 00000001)\u001b[K\u001b[26;87H[    0.008807] ACPI: FACP 0x000000003FFE1E9D 0000F4 (v03 BOCHS  BXPCFACP 00000001 BX\u001b[27;87HPC 00000001)\u001b[K\u001b[28;87H[    0.008813] ACPI: DSDT 0x000000003FFE0040 001E5D (v01 BOCHS  BXPCDSDT 00000001 BX\u001b[29;87HPC 0000000"]
[70.380712, "o", "1)\u001b[K\u001b[30;87H[    0.008818] ACPI: FACS 0x000000003FFE0000 000040\u001b[K\u001b[31;87H[    0.008821] ACPI: APIC 0x000000003FFE1F91 000080 (v01 BOCHS  BXPCAPIC 00000001 BX\u001b[32;87HPC 00000001)\u001b[K\u001b[33;87H[    0.008825] ACPI: MCFG 0x000000003FFE2011 00003C (v01 BOCHS  BXPCMCFG 00000001 BX\u001b[34;87HPC 00000001)\u001b[K\u001b[35;87H[    0.008828] ACPI: WAET 0x000000003FFE204D 000028 (v01 BOCHS  BXPCWAET 00000001 BX\u001b[36;87HPC 00000001)\u001b[K\u001b[37;87H[    0.008831] ACPI: Reserving FACP table memory at [mem 0x3ffe1e9d-0x3ffe1f90]\u001b[K\u001b[38;87H[    0.008832] ACPI: Reserving DSDT table memory at [mem 0x3ffe0040-0x3ffe1e9c]\u001b[K\u001b[39;87H[    0.008833] ACPI: Reserving FACS table memory at [mem 0x3ffe0000-0x3ffe003f]\u001b[K\u001b[40;87H[    0.008834] ACPI: Reserving APIC table memory at [mem 0x3ffe1f91-0x3ffe2010]\u001b[K\u001b[41;87H[    0.008835] ACPI: Reserving MCFG table memory at [mem 0x3ffe2011-0x3ffe204c]\u001b[K\u001b[42;87H[    0.008836] ACPI: Reserving WAET table memory at [mem 0x3ffe204d-0x3ffe2074]\u001b[K\u001b[43;87H[    0.009042] No NUMA configuration found\u001b[K\u001b[44;87H[    0.0090"]
[70.380856, "o", "43] Faking a node at [mem 0x0000000000000000-0x000000003ffdbfff]\u001b[K\u001b[45;87H[    0.009060] NODE_DATA(0) allocated [mem 0x3eea2000-0x3eecbfff]\u001b[K\u001b[46;87H[    0.009363] Zone ranges:\u001b[K\u001b[47;87H\u001b[K\u001b[?25h\u001b[?0c\u001b[?25l\u001b[?1c\u001b[1d[    0.000000] BIOS-e820: [mem 0x000000003ffdc000-0x000000003fffffff] reserved\u001b[K\u001b[2;87H[    0.000000] BIOS-e820: [mem 0x00000000b0000000-0x00000000bfffffff] reserved\u001b[K\u001b[3;87H[    0.000000] BIOS-e820: [mem 0x00000000fed1c000-0x00000000fed1ffff] reserved\u001b[K\u001b[4;87H[    0.000000] BIOS-e820: [mem 0x00000000feffc000-0x00000000feffffff] reserved\u001b[K\u001b[5;87H[    0.000000] BIOS-e820: [mem 0x00000000fffc0000-0x00000000ffffffff] reserved\u001b[K\u001b[6;87H[    0.000000] NX (Execute Disable) protection: active\u001b[K\u001b[7;87H[    0.000000] SMBIOS 2.8 present.\u001b[K\u001b[8;87H[    0.000000] DMI: QEMU Standard PC (Q35 + ICH9, 2009), BIOS 1.14.0-2 04/01/2014\u001b[K\u001b[9;87H[    0.000000] Hypervisor detected: KVM\u001b[K\u001b[10;87H[    0.000000] kvm-clock: Using msrs 4b564d01 and 4b564d00\u001b[K\u001b[11;87H[    0.000000] kvm-clock: cpu 0, msr eef3001, pr"]
[70.380995, "o", "imary cpu clock\u001b[K\u001b[12;87H[    0.000000] kvm-clock: using sched offset of 841418799 cycles\u001b[K\u001b[13;87H[    0.000005] clocksource: kvm-clock: mask: 0xffffffffffffffff max_cycles: 0x1cd42e\u001b[14;87H4dffb, max_idle_ns: 881590591483 ns\u001b[K\u001b[15;87H[    0.000012] tsc: Detected 3504.000 MHz processor\u001b[K\u001b[16;87H[    0.000376] last_pfn = 0x3ffdc max_arch_pfn = 0x400000000\u001b[K\u001b[17;87H[    0.000426] x86/PAT: Configuration [0-7]: WB  WC  UC- UC  WB  WP  UC- WT  \u001b[K\u001b[18;87H[    0.008455] found SMP MP-table at [mem 0x000f5cc0-0x000f5ccf]\u001b[K\u001b[19;87H[    0.008648] Using GB pages for direct mapping\u001b[K\u001b[20;87H[    0.008759] RAMDISK: [mem 0x3eecc000-0x3ffcffff]\u001b[K\u001b[21;87H[    0.008770] ACPI: Early table checksum verification disabled\u001b[K\u001b[22;87H[    0.008790] ACPI: RSDP 0x00000000000F5AD0 000014 (v00 BOCHS )\u001b[K\u001b[23;87H[    0.008796] ACPI: RSDT 0x000000003FFE2075 000034 (v01 BOCHS  BXPCRSDT 00000001 BX\u001b[24;87HPC 00000001)\u001b[K\u001b[25;87H[    0.008807] ACPI: FACP 0x000000003FFE1E9D 0000F4 (v03 BOCHS  BXPCFACP 00000001 BX\u001b[26;87HPC 00000001)"]
[70.381136, "o", "\u001b[K\u001b[27;87H[    0.008813] ACPI: DSDT 0x000000003FFE0040 001E5D (v01 BOCHS  BXPCDSDT 00000001 BX\u001b[28;87HPC 00000001)\u001b[K\u001b[29;87H[    0.008818] ACPI: FACS 0x000000003FFE0000 000040\u001b[K\u001b[30;87H[    0.008821] ACPI: APIC 0x000000003FFE1F91 000080 (v01 BOCHS  BXPCAPIC 00000001 BX\u001b[31;87HPC 00000001)\u001b[K\u001b[32;87H[    0.008825] ACPI: MCFG 0x000000003FFE2011 00003C (v01 BOCHS  BXPCMCFG 00000001 BX\u001b[33;87HPC 00000001)\u001b[K\u001b[34;87H[    0.008828] ACPI: WAET 0x000000003FFE204D 000028 (v01 BOCHS  BXPCWAET 00000001 BX\u001b[35;87HPC 00000001)\u001b[K\u001b[36;87H[    0.008831] ACPI: Reserving FACP table memory at [mem 0x3ffe1e9d-0x3ffe1f90]\u001b[K\u001b[37;87H[    0.008832] ACPI: Reserving DSDT table memory at [mem 0x3ffe0040-0x3ffe1e9c]\u001b[K\u001b[38;87H[    0.008833] ACPI: Reserving FACS table memory at [mem 0x3ffe0000-0x3ffe003f]\u001b[K\u001b[39;87H[    0.008834] ACPI: Reserving APIC table memory at [mem 0x3ffe1f91-0x3ffe2010]\u001b[K\u001b[40;87H[    0.008835] ACPI: Reserving MCFG table memory at [mem 0x3ffe2011-0x3ffe204c]\u001b[K\u001b[41;87H[    0.008836] ACPI: Reserving WAET table"]
[70.381287, "o", " memory at [mem 0x3ffe204d-0x3ffe2074]\u001b[K\u001b[42;87H[    0.009042] No NUMA configuration found\u001b[K\u001b[43;87H[    0.009043] Faking a node at [mem 0x0000000000000000-0x000000003ffdbfff]\u001b[K\u001b[44;87H[    0.009060] NODE_DATA(0) allocated [mem 0x3eea2000-0x3eecbfff]\u001b[K\u001b[45;87H[    0.009363] Zone ranges:\u001b[K\u001b[46;87H[    0.009364]   DMA      [mem 0x0000000000001000-0x0000000000ffffff]\u001b[K\u001b[47;87H[    0.009366]   DMA32    [mem 0x0000000001000000-0x000000003ffdbfff]\u001b[K\u001b[69D\u001b[?25h\u001b[?0c\u001b[?25l\u001b[?1c\u001b[1d[    0.000000] BIOS-e820: [mem 0x00000000b0000000-0x00000000bfffffff] reserved\u001b[K\u001b[2;87H[    0.000000] BIOS-e820: [mem 0x00000000fed1c000-0x00000000fed1ffff] reserved\u001b[K\u001b[3;87H[    0.000000] BIOS-e820: [mem 0x00000000feffc000-0x00000000feffffff] reserved\u001b[K\u001b[4;87H[    0.000000] BIOS-e820: [mem 0x00000000fffc0000-0x00000000ffffffff] reserved\u001b[K\u001b[5;87H[    0.000000] NX (Execute Disable) protection: active\u001b[K\u001b[6;87H[    0.000000] SMBIOS 2.8 present.\u001b[K\u001b[7;87H[    0.000000] DMI: QEMU Standard PC (Q35 + ICH9, 2009), BIOS 1.14.0-2 04/01/20"]
[70.381428, "o", "14\u001b[K\u001b[8;87H[    0.000000] Hypervisor detected: KVM\u001b[K\u001b[9;87H[    0.000000] kvm-clock: Using msrs 4b564d01 and 4b564d00\u001b[K\u001b[10;87H[    0.000000] kvm-clock: cpu 0, msr eef3001, primary cpu clock\u001b[K\u001b[11;87H[    0.000000] kvm-clock: using sched offset of 841418799 cycles\u001b[K\u001b[12;87H[    0.000005] clocksource: kvm-clock: mask: 0xffffffffffffffff max_cycles: 0x1cd42e\u001b[13;87H4dffb, max_idle_ns: 881590591483 ns\u001b[K\u001b[14;87H[    0.000012] tsc: Detected 3504.000 MHz processor\u001b[K\u001b[15;87H[    0.000376] last_pfn = 0x3ffdc max_arch_pfn = 0x400000000\u001b[K\u001b[16;87H[    0.000426] x86/PAT: Configuration [0-7]: WB  WC  UC- UC  WB  WP  UC- WT  \u001b[K\u001b[17;87H[    0.008455] found SMP MP-table at [mem 0x000f5cc0-0x000f5ccf]\u001b[K\u001b[18;87H[    0.008648] Using GB pages for direct mapping\u001b[K\u001b[19;87H[    0.008759] RAMDISK: [mem 0x3eecc000-0x3ffcffff]\u001b[K\u001b[20;87H[    0.008770] ACPI: Early table checksum verification disabled\u001b[K\u001b[21;87H[    0.008790] ACPI: RSDP 0x00000000000F5AD0 000014 (v00 BOCHS )\u001b[K\u001b[22;87H[    0.008796] ACPI: RSDT 0x000000003FFE2"]
[70.381577, "o", "075 000034 (v01 BOCHS  BXPCRSDT 00000001 BX\u001b[23;87HPC 00000001)\u001b[K\u001b[24;87H[    0.008807] ACPI: FACP 0x000000003FFE1E9D 0000F4 (v03 BOCHS  BXPCFACP 00000001 BX\u001b[25;87HPC 00000001)\u001b[K\u001b[26;87H[    0.008813] ACPI: DSDT 0x000000003FFE0040 001E5D (v01 BOCHS  BXPCDSDT 00000001 BX\u001b[27;87HPC 00000001)\u001b[K\u001b[28;87H[    0.008818] ACPI: FACS 0x000000003FFE0000 000040\u001b[K\u001b[29;87H[    0.008821] ACPI: APIC 0x000000003FFE1F91 000080 (v01 BOCHS  BXPCAPIC 00000001 BX\u001b[30;87HPC 00000001)\u001b[K\u001b[31;87H[    0.008825] ACPI: MCFG 0x000000003FFE2011 00003C (v01 BOCHS  BXPCMCFG 00000001 BX\u001b[32;87HPC 00000001)\u001b[K\u001b[33;87H[    0.008828] ACPI: WAET 0x000000003FFE204D 000028 (v01 BOCHS  BXPCWAET 00000001 BX\u001b[34;87HPC 00000001)\u001b[K\u001b[35;87H[    0.008831] ACPI: Reserving FACP table memory at [mem 0x3ffe1e9d-0x3ffe1f90]\u001b[K\u001b[36;87H[    0.008832] ACPI: Reserving DSDT table memory at [mem 0x3ffe0040-0x3ffe1e9c]\u001b[K\u001b[37;87H[    0.008833] ACPI: Reserving FACS table memory at [mem 0x3ffe0000-0x3ffe003f]\u001b[K\u001b[38;87H[    0.008834] ACPI: Reserving APIC table m"]
[70.381948, "o", "emory at [mem 0x3ffe1f91-0x3ffe2010]\u001b[K\u001b[39;87H[    0.008835] ACPI: Reserving MCFG table memory at [mem 0x3ffe2011-0x3ffe204c]\u001b[K\u001b[40;87H[    0.008836] ACPI: Reserving WAET table memory at [mem 0x3ffe204d-0x3ffe2074]\u001b[K\u001b[41;87H[    0.009042] No NUMA configuration found\u001b[K\u001b[42;87H[    0.009043] Faking a node at [mem 0x0000000000000000-0x000000003ffdbfff]\u001b[K\u001b[43;87H[    0.009060] NODE_DATA(0) allocated [mem 0x3eea2000-0x3eecbfff]\u001b[K\u001b[44;87H[    0.009363] Zone ranges:\u001b[K\u001b[45;87H[    0.009364]   DMA      [mem 0x0000000000001000-0x0000000000ffffff]\u001b[K\u001b[46;87H[    0.009366]   DMA32    [mem 0x0000000001000000-0x000000003ffdbfff]\u001b[K\u001b[47;87H\u001b[K\u001b[?25h\u001b[?0c\u001b[?25l\u001b[?1c\u001b[1d[    0.000000] BIOS-e820: [mem 0x00000000fffc0000-0x00000000ffffffff] reserved\u001b[K\u001b[2;87H[    0.000000] NX (Execute Disable) protection: active\u001b[K\u001b[3;87H[    0.000000] SMBIOS 2.8 present.\u001b[K\u001b[4;87H[    0.000000] DMI: QEMU Standard PC (Q35 + ICH9, 2009), BIOS 1.14.0-2 04/01/2014\u001b[K\u001b[5;87H[    0.000000] Hypervisor detected: KVM\u001b[K\u001b[6;87H[    0.000000] kvm-"]
[70.383008, "o", "clock: Using msrs 4b564d01 and 4b564d00\u001b[K\u001b[7;87H[    0.000000] kvm-clock: cpu 0, msr eef3001, primary cpu clock\u001b[K\u001b[8;87H[    0.000000] kvm-clock: using sched offset of 841418799 cycles\u001b[K\u001b[9;87H[    0.000005] clocksource: kvm-clock: mask: 0xffffffffffffffff max_cycles: 0x1cd42e\u001b[10;87H4dffb, max_idle_ns: 881590591483 ns\u001b[K\u001b[11;87H[    0.000012] tsc: Detected 3504.000 MHz processor\u001b[K\u001b[12;87H[    0.000376] last_pfn = 0x3ffdc max_arch_pfn = 0x400000000\u001b[K\u001b[13;87H[    0.000426] x86/PAT: Configuration [0-7]: WB  WC  UC- UC  WB  WP  UC- WT  \u001b[K\u001b[14;87H[    0.008455] found SMP MP-table at [mem 0x000f5cc0-0x000f5ccf]\u001b[K\u001b[15;87H[    0.008648] Using GB pages for direct mapping\u001b[K\u001b[16;87H[    0.008759] RAMDISK: [mem 0x3eecc000-0x3ffcffff]\u001b[K\u001b[17;87H[    0.008770] ACPI: Early table checksum verification disabled\u001b[K\u001b[18;87H[    0.008790] ACPI: RSDP 0x00000000000F5AD0 000014 (v00 BOCHS )\u001b[K\u001b[19;87H[    0.008796] ACPI: RSDT 0x000000003FFE2075 000034 (v01 BOCHS  BXPCRSDT 00000001 BX\u001b[20;87HPC 00000001)\u001b[K\u001b[21;87H[    0.00"]
[70.384012, "o", "8807] ACPI: FACP 0x000000003FFE1E9D 0000F4 (v03 BOCHS  BXPCFACP 00000001 BX\u001b[22;87HPC 00000001)\u001b[K\u001b[23;87H[    0.008813] ACPI: DSDT 0x000000003FFE0040 001E5D (v01 BOCHS  BXPCDSDT 00000001 BX\u001b[24;87HPC 00000001)\u001b[K\u001b[25;87H[    0.008818] ACPI: FACS 0x000000003FFE0000 000040\u001b[K\u001b[26;87H[    0.008821] ACPI: APIC 0x000000003FFE1F91 000080 (v01 BOCHS  BXPCAPIC 00000001 BX\u001b[27;87HPC 00000001)\u001b[K\u001b[28;87H[    0.008825] ACPI: MCFG 0x000000003FFE2011 00003C (v01 BOCHS  BXPCMCFG 00000001 BX\u001b[29;87HPC 00000001)\u001b[K\u001b[30;87H[    0.008828] ACPI: WAET 0x000000003FFE204D 000028 (v01 BOCHS  BXPCWAET 00000001 BX\u001b[31;87HPC 00000001)\u001b[K\u001b[32;87H[    0.008831] ACPI: Reserving FACP table memory at [mem 0x3ffe1e9d-0x3ffe1f90]\u001b[K\u001b[33;87H[    0.008832] ACPI: Reserving DSDT table memory at [mem 0x3ffe0040-0x3ffe1e9c]\u001b[K\u001b[34;87H[    0.008833] ACPI: Reserving FACS table memory at [mem 0x3ffe0000-0x3ffe003f]\u001b[K\u001b[35;87H[    0.008834] ACPI: Reserving APIC table memory at [mem 0x3ffe1f91-0x3ffe2010]\u001b[K\u001b[36;87H[    0.008835] ACPI: Reserving MCFG "]
[70.384189, "o", "table memory at [mem 0x3ffe2011-0x3ffe204c]\u001b[K\u001b[37;87H[    0.008836] ACPI: Reserving WAET table memory at [mem 0x3ffe204d-0x3ffe2074]\u001b[K\u001b[38;87H[    0.009042] No NUMA configuration found\u001b[K\u001b[39;87H[    0.009043] Faking a node at [mem 0x0000000000000000-0x000000003ffdbfff]\u001b[K\u001b[40;87H[    0.009060] NODE_DATA(0) allocated [mem 0x3eea2000-0x3eecbfff]\u001b[K\u001b[41;87H[    0.009363] Zone ranges:\u001b[K\u001b[42;87H[    0.009364]   DMA      [mem 0x0000000000001000-0x0000000000ffffff]\u001b[K\u001b[43;87H[    0.009366]   DMA32    [mem 0x0000000001000000-0x000000003ffdbfff]\u001b[K\u001b[44;87H[    0.009367]   Normal   empty\u001b[K\u001b[45;87H[    0.009368]   Device   empty\u001b[K\u001b[46;87H[    0.009369] Movable zone start for each node\u001b[K\u001b[47;87H[    0.009372] Early me\u001b[K\u001b[?25h\u001b[?0cmory node ranges\u001b[?25l\u001b[?1c\u001b[1;87H[    0.000000] NX (Execute Disable) protection: active\u001b[K\u001b[2;87H[    0.000000] SMBIOS 2.8 present.\u001b[K\u001b[3;87H[    0.000000] DMI: QEMU Standard PC (Q35 + ICH9, 2009), BIOS 1.14.0-2 04/01/2014\u001b[K\u001b[4;87H[    0.000000] Hypervisor detected: KVM\u001b[K\u001b[5;87H[    0"]
[70.384367, "o", ".000000] kvm-clock: Using msrs 4b564d01 and 4b564d00\u001b[K\u001b[6;87H[    0.000000] kvm-clock: cpu 0, msr eef3001, primary cpu clock\u001b[K\u001b[7;87H[    0.000000] kvm-clock: using sched offset of 841418799 cycles\u001b[K\u001b[8;87H[    0.000005] clocksource: kvm-clock: mask: 0xffffffffffffffff max_cycles: 0x1cd42e\u001b[9;87H4dffb, max_idle_ns: 881590591483 ns\u001b[K\u001b[10;87H[    0.000012] tsc: Detected 3504.000 MHz processor\u001b[K\u001b[11;87H[    0.000376] last_pfn = 0x3ffdc max_arch_pfn = 0x400000000\u001b[K\u001b[12;87H[    0.000426] x86/PAT: Configuration [0-7]: WB  WC  UC- UC  WB  WP  UC- WT  \u001b[K\u001b[13;87H[    0.008455] found SMP MP-table at [mem 0x000f5cc0-0x000f5ccf]\u001b[K\u001b[14;87H[    0.008648] Using GB pages for direct mapping\u001b[K\u001b[15;87H[    0.008759] RAMDISK: [mem 0x3eecc000-0x3ffcffff]\u001b[K\u001b[16;87H[    0.008770] ACPI: Early table checksum verification disabled\u001b[K\u001b[17;87H[    0.008790] ACPI: RSDP 0x00000000000F5AD0 000014 (v00 BOCHS )\u001b[K\u001b[18;87H[    0.008796] ACPI: RSDT 0x000000003FFE2075 000034 (v01 BOCHS  BXPCRSDT 00000001 BX\u001b[19;87HPC 00000001)\u001b[K\u001b[20;"]
[70.384528, "o", "87H[    0.008807] ACPI: FACP 0x000000003FFE1E9D 0000F4 (v03 BOCHS  BXPCFACP 00000001 BX\u001b[21;87HPC 00000001)\u001b[K\u001b[22;87H[    0.008813] ACPI: DSDT 0x000000003FFE0040 001E5D (v01 BOCHS  BXPCDSDT 00000001 BX\u001b[23;87HPC 00000001)\u001b[K\u001b[24;87H[    0.008818] ACPI: FACS 0x000000003FFE0000 000040\u001b[K\u001b[25;87H[    0.008821] ACPI: APIC 0x000000003FFE1F91 000080 (v01 BOCHS  BXPCAPIC 00000001 BX\u001b[26;87HPC 00000001)\u001b[K\u001b[27;87H[    0.008825] ACPI: MCFG 0x000000003FFE2011 00003C (v01 BOCHS  BXPCMCFG 00000001 BX\u001b[28;87HPC 00000001)\u001b[K\u001b[29;87H[    0.008828] ACPI: WAET 0x000000003FFE204D 000028 (v01 BOCHS  BXPCWAET 00000001 BX\u001b[30;87HPC 00000001)\u001b[K\u001b[31;87H[    0.008831] ACPI: Reserving FACP table memory at [mem 0x3ffe1e9d-0x3ffe1f90]\u001b[K\u001b[32;87H[    0.008832] ACPI: Reserving DSDT table memory at [mem 0x3ffe0040-0x3ffe1e9c]\u001b[K\u001b[33;87H[    0.008833] ACPI: Reserving FACS table memory at [mem 0x3ffe0000-0x3ffe003f]\u001b[K\u001b[34;87H[    0.008834] ACPI: Reserving APIC table memory at [mem 0x3ffe1f91-0x3ffe2010]\u001b[K\u001b[35;87H[    0.008835] ACPI: Res"]
[70.384689, "o", "erving MCFG table memory at [mem 0x3ffe2011-0x3ffe204c]\u001b[K\u001b[36;87H[    0.008836] ACPI: Reserving WAET table memory at [mem 0x3ffe204d-0x3ffe2074]\u001b[K\u001b[37;87H[    0.009042] No NUMA configuration found\u001b[K\u001b[38;87H[    0.009043] Faking a node at [mem 0x0000000000000000-0x000000003ffdbfff]\u001b[K\u001b[39;87H[    0.009060] NODE_DATA(0) allocated [mem 0x3eea2000-0x3eecbfff]\u001b[K\u001b[40;87H[    0.009363] Zone ranges:\u001b[K\u001b[41;87H[    0.009364]   DMA      [mem 0x0000000000001000-0x0000000000ffffff]\u001b[K\u001b[42;87H[    0.009366]   DMA32    [mem 0x0000000001000000-0x000000003ffdbfff]\u001b[K\u001b[43;87H[    0.009367]   Normal   empty\u001b[K\u001b[44;87H[    0.009368]   Device   empty\u001b[K\u001b[45;87H[    0.009369] Movable zone start for each node\u001b[K\u001b[46;87H[    0.009372] Early memory node ranges\u001b[K\u001b[47;87H\u001b[K\u001b[?25h\u001b[?0c[    0.009373]   node   0: [mem 0x0000000000001000-0x000000000009efff]\u001b[70D\u001b[?25l\u001b[?1c\u001b[1d[    0.000000] SMBIOS 2.8 present.\u001b[K\u001b[2;87H[    0.000000] DMI: QEMU Standard PC (Q35 + ICH9, 2009), BIOS 1.14.0-2 04/01/2014\u001b[K\u001b[3;87H[    0.000000] Hyperviso"]
[70.384858, "o", "r detected: KVM\u001b[K\u001b[4;87H[    0.000000] kvm-clock: Using msrs 4b564d01 and 4b564d00\u001b[K\u001b[5;87H[    0.000000] kvm-clock: cpu 0, msr eef3001, primary cpu clock\u001b[K\u001b[6;87H[    0.000000] kvm-clock: using sched offset of 841418799 cycles\u001b[K\u001b[7;87H[    0.000005] clocksource: kvm-clock: mask: 0xffffffffffffffff max_cycles: 0x1cd42e\u001b[8;87H4dffb, max_idle_ns: 881590591483 ns\u001b[K\u001b[9;87H[    0.000012] tsc: Detected 3504.000 MHz processor\u001b[K\u001b[10;87H[    0.000376] last_pfn = 0x3ffdc max_arch_pfn = 0x400000000\u001b[K\u001b[11;87H[    0.000426] x86/PAT: Configuration [0-7]: WB  WC  UC- UC  WB  WP  UC- WT  \u001b[K\u001b[12;87H[    0.008455] found SMP MP-table at [mem 0x000f5cc0-0x000f5ccf]\u001b[K\u001b[13;87H[    0.008648] Using GB pages for direct mapping\u001b[K\u001b[14;87H[    0.008759] RAMDISK: [mem 0x3eecc000-0x3ffcffff]\u001b[K\u001b[15;87H[    0.008770] ACPI: Early table checksum verification disabled\u001b[K\u001b[16;87H[    0.008790] ACPI: RSDP 0x00000000000F5AD0 000014 (v00 BOCHS )\u001b[K\u001b[17;87H[    0.008796] ACPI: RSDT 0x000000003FFE2075 000034 (v01 BOCHS  BXPCRSDT 00000001 "]
[70.385015, "o", "BX\u001b[18;87HPC 00000001)\u001b[K\u001b[19;87H[    0.008807] ACPI: FACP 0x000000003FFE1E9D 0000F4 (v03 BOCHS  BXPCFACP 00000001 BX\u001b[20;87HPC 00000001)\u001b[K\u001b[21;87H[    0.008813] ACPI: DSDT 0x000000003FFE0040 001E5D (v01 BOCHS  BXPCDSDT 00000001 BX\u001b[22;87HPC 00000001)\u001b[K\u001b[23;87H[    0.008818] ACPI: FACS 0x000000003FFE0000 000040\u001b[K\u001b[24;87H[    0.008821] ACPI: APIC 0x000000003FFE1F91 000080 (v01 BOCHS  BXPCAPIC 00000001 BX\u001b[25;87HPC 00000001)\u001b[K\u001b[26;87H[    0.008825] ACPI: MCFG 0x000000003FFE2011 00003C (v01 BOCHS  BXPCMCFG 00000001 BX\u001b[27;87HPC 00000001)\u001b[K\u001b[28;87H[    0.008828] ACPI: WAET 0x000000003FFE204D 000028 (v01 BOCHS  BXPCWAET 00000001 BX\u001b[29;87HPC 00000001)\u001b[K\u001b[30;87H[    0.008831] ACPI: Reserving FACP table memory at [mem 0x3ffe1e9d-0x3ffe1f90]\u001b[K\u001b[31;87H[    0.008832] ACPI: Reserving DSDT table memory at [mem 0x3ffe0040-0x3ffe1e9c]\u001b[K\u001b[32;87H[    0.008833] ACPI: Reserving FACS table memory at [mem 0x3ffe0000-0x3ffe003f]\u001b[K\u001b[33;87H[    0.008834] ACPI: Reserving APIC table memory at [mem 0x3ffe1f91-0x3ffe2010]\u001b[K\u001b["]
[70.38519, "o", "34;87H[    0.008835] ACPI: Reserving MCFG table memory at [mem 0x3ffe2011-0x3ffe204c]\u001b[K\u001b[35;87H[    0.008836] ACPI: Reserving WAET table memory at [mem 0x3ffe204d-0x3ffe2074]\u001b[K\u001b[36;87H[    0.009042] No NUMA configuration found\u001b[K\u001b[37;87H[    0.009043] Faking a node at [mem 0x0000000000000000-0x000000003ffdbfff]\u001b[K\u001b[38;87H[    0.009060] NODE_DATA(0) allocated [mem 0x3eea2000-0x3eecbfff]\u001b[K\u001b[39;87H[    0.009363] Zone ranges:\u001b[K\u001b[40;87H[    0.009364]   DMA      [mem 0x0000000000001000-0x0000000000ffffff]\u001b[K\u001b[41;87H[    0.009366]   DMA32    [mem 0x0000000001000000-0x000000003ffdbfff]\u001b[K\u001b[42;87H[    0.009367]   Normal   empty\u001b[K\u001b[43;87H[    0.009368]   Device   empty\u001b[K\u001b[44;87H[    0.009369] Movable zone start for each node\u001b[K\u001b[45;87H[    0.009372] Early memory node ranges\u001b[K\u001b[46;87H[    0.009373]   node   0: [mem 0x0000000000001000-0x000000000009efff]\u001b[K\u001b[47;87H\u001b[K\u001b[?25h\u001b[?0c[    0.009"]
[70.385467, "o", "3\u001b[?25l\u001b[?1c\u001b[1;87H[    0.000000] DMI: QEMU Standard PC (Q35 + ICH9, 2009), BIOS 1.14.0-2 04/01/2014\u001b[K\u001b[2;87H[    0.000000] Hypervisor detected: KVM\u001b[K\u001b[3;87H[    0.000000] kvm-clock: Using msrs 4b564d01 and 4b564d00\u001b[K\u001b[4;87H[    0.000000] kvm-clock: cpu 0, msr eef3001, primary cpu clock\u001b[K\u001b[5;87H[    0.000000] kvm-clock: using sched offset of 841418799 cycles\u001b[K\u001b[6;87H[    0.000005] clocksource: kvm-clock: mask: 0xffffffffffffffff max_cycles: 0x1cd42e\u001b[7;87H4dffb, max_idle_ns: 881590591483 ns\u001b[K\u001b[8;87H[    0.000012] tsc: Detected 3504.000 MHz processor\u001b[K\u001b[9;87H[    0.000376] last_pfn = 0x3ffdc max_arch_pfn = 0x400000000\u001b[K\u001b[10;87H[    0.000426] x86/PAT: Configuration [0-7]: WB  WC  UC- UC  WB  WP  UC- WT  \u001b[K\u001b[11;87H[    0.008455] found SMP MP-table at [mem 0x000f5cc0-0x000f5ccf]\u001b[K\u001b[12;87H[    0.008648] Using GB pages for direct mapping\u001b[K\u001b[13;87H[    0.008759] RAMDISK: [mem 0x3eecc000-0x3ffcffff]\u001b[K\u001b[14;87H[    0.008770] ACPI: Early table checksum verification disabled\u001b[K\u001b[15;87H[    0.008790] ACPI: RSD"]
[70.385661, "o", "P 0x00000000000F5AD0 000014 (v00 BOCHS )\u001b[K\u001b[16;87H[    0.008796] ACPI: RSDT 0x000000003FFE2075 000034 (v01 BOCHS  BXPCRSDT 00000001 BX\u001b[17;87HPC 00000001)\u001b[K\u001b[18;87H[    0.008807] ACPI: FACP 0x000000003FFE1E9D 0000F4 (v03 BOCHS  BXPCFACP 00000001 BX\u001b[19;87HPC 00000001)\u001b[K\u001b[20;87H[    0.008813] ACPI: DSDT 0x000000003FFE0040 001E5D (v01 BOCHS  BXPCDSDT 00000001 BX\u001b[21;87HPC 00000001)\u001b[K\u001b[22;87H[    0.008818] ACPI: FACS 0x000000003FFE0000 000040\u001b[K\u001b[23;87H[    0.008821] ACPI: APIC 0x000000003FFE1F91 000080 (v01 BOCHS  BXPCAPIC 00000001 BX\u001b[24;87HPC 00000001)\u001b[K\u001b[25;87H[    0.008825] ACPI: MCFG 0x000000003FFE2011 00003C (v01 BOCHS  BXPCMCFG 00000001 BX\u001b[26;87HPC 00000001)\u001b[K\u001b[27;87H[    0.008828] ACPI: WAET 0x000000003FFE204D 000028 (v01 BOCHS  BXPCWAET 00000001 BX\u001b[28;87HPC 00000001)\u001b[K\u001b[29;87H[    0.008831] ACPI: Reserving FACP table memory at [mem 0x3ffe1e9d-0x3ffe1f90]\u001b[K\u001b[30;87H[    0.008832] ACPI: Reserving DSDT table memory at [mem 0x3ffe0040-0x3ffe1e9c]\u001b[K\u001b[31;87H[    0.008833] ACPI: Reserving FACS table"]
[70.385836, "o", " memory at [mem 0x3ffe0000-0x3ffe003f]\u001b[K\u001b[32;87H[    0.008834] ACPI: Reserving APIC table memory at [mem 0x3ffe1f91-0x3ffe2010]\u001b[K\u001b[33;87H[    0.008835] ACPI: Reserving MCFG table memory at [mem 0x3ffe2011-0x3ffe204c]\u001b[K\u001b[34;87H[    0.008836] ACPI: Reserving WAET table memory at [mem 0x3ffe204d-0x3ffe2074]\u001b[K\u001b[35;87H[    0.009042] No NUMA configuration found\u001b[K\u001b[36;87H[    0.009043] Faking a node at [mem 0x0000000000000000-0x000000003ffdbfff]\u001b[K\u001b[37;87H[    0.009060] NODE_DATA(0) allocated [mem 0x3eea2000-0x3eecbfff]\u001b[K\u001b[38;87H[    0.009363] Zone ranges:\u001b[K\u001b[39;87H[    0.009364]   DMA      [mem 0x0000000000001000-0x0000000000ffffff]\u001b[K\u001b[40;87H[    0.009366]   DMA32    [mem 0x0000000001000000-0x000000003ffdbfff]\u001b[K\u001b[41;87H[    0.009367]   Normal   empty\u001b[K\u001b[42;87H[    0.009368]   Device   empty\u001b[K\u001b[43;87H[    0.009369] Movable zone start for each node\u001b[K\u001b[44;87H[    0.009372] Early memory node ranges\u001b[K\u001b[45;87H[    0.009373]   node   0: [mem 0x0000000000001000-0x000000000009efff]\u001b[K\u001b[46;87H[    0.009374]   no"]
[70.386135, "o", "de   0: [mem 0x0000000000100000-0x000000003ffdbfff]\u001b[K\u001b[47;87H[    0.009376] Initmem setup node 0 [mem 0x000000000000100\u001b[K\u001b[?25h\u001b[?0c\u001b[?25l\u001b[?1c\u001b[1;87H[    0.000000] Hypervisor detected: KVM\u001b[K\u001b[2;87H[    0.000000] kvm-clock: Using msrs 4b564d01 and 4b564d00\u001b[K\u001b[3;87H[    0.000000] kvm-clock: cpu 0, msr eef3001, primary cpu clock\u001b[K\u001b[4;87H[    0.000000] kvm-clock: using sched offset of 841418799 cycles\u001b[K\u001b[5;87H[    0.000005] clocksource: kvm-clock: mask: 0xffffffffffffffff max_cycles: 0x1cd42e\u001b[6;87H4dffb, max_idle_ns: 881590591483 ns\u001b[K\u001b[7;87H[    0.000012] tsc: Detected 3504.000 MHz processor\u001b[K\u001b[8;87H[    0.000376] last_pfn = 0x3ffdc max_arch_pfn = 0x400000000\u001b[K\u001b[9;87H[    0.000426] x86/PAT: Configuration [0-7]: WB  WC  UC- UC  WB  WP  UC- WT  \u001b[K\u001b[10;87H[    0.008455] found SMP MP-table at [mem 0x000f5cc0-0x000f5ccf]\u001b[K\u001b[11;87H[    0.008648] Using GB pages for direct mapping\u001b[K\u001b[12;87H[    0.008759] RAMDISK: [mem 0x3eecc000-0x3ffcffff]\u001b[K\u001b[13;87H[    0.008770] ACPI: Early table checksum verification di"]
[70.386364, "o", "sabled\u001b[K\u001b[14;87H[    0.008790] ACPI: RSDP 0x00000000000F5AD0 000014 (v00 BOCHS )\u001b[K\u001b[15;87H[    0.008796] ACPI: RSDT 0x000000003FFE2075 000034 (v01 BOCHS  BXPCRSDT 00000001 BX\u001b[16;87HPC 00000001)\u001b[K\u001b[17;87H[    0.008807] ACPI: FACP 0x000000003FFE1E9D 0000F4 (v03 BOCHS  BXPCFACP 00000001 BX\u001b[18;87HPC 00000001)\u001b[K\u001b[19;87H[    0.008813] ACPI: DSDT 0x000000003FFE0040 001E5D (v01 BOCHS  BXPCDSDT 00000001 BX\u001b[20;87HPC 00000001)\u001b[K\u001b[21;87H[    0.008818] ACPI: FACS 0x000000003FFE0000 000040\u001b[K\u001b[22;87H[    0.008821] ACPI: APIC 0x000000003FFE1F91 000080 (v01 BOCHS  BXPCAPIC 00000001 BX\u001b[23;87HPC 00000001)\u001b[K\u001b[24;87H[    0.008825] ACPI: MCFG 0x000000003FFE2011 00003C (v01 BOCHS  BXPCMCFG 00000001 BX\u001b[25;87HPC 00000001)\u001b[K\u001b[26;87H[    0.008828] ACPI: WAET 0x000000003FFE204D 000028 (v01 BOCHS  BXPCWAET 00000001 BX\u001b[27;87HPC 00000001)\u001b[K\u001b[28;87H[    0.008831] ACPI: Reserving FACP table memory at [mem 0x3ffe1e9d-0x3ffe1f90]\u001b[K\u001b[29;87H[    0.008832] ACPI: Reserving DSDT table memory at [mem 0x3ffe0040-0x3ffe1e9c]\u001b[K\u001b[30;87H"]
[70.386588, "o", "[    0.008833] ACPI: Reserving FACS table memory at [mem 0x3ffe0000-0x3ffe003f]\u001b[K\u001b[31;87H[    0.008834] ACPI: Reserving APIC table memory at [mem 0x3ffe1f91-0x3ffe2010]\u001b[K\u001b[32;87H[    0.008835] ACPI: Reserving MCFG table memory at [mem 0x3ffe2011-0x3ffe204c]\u001b[K\u001b[33;87H[    0.008836] ACPI: Reserving WAET table memory at [mem 0x3ffe204d-0x3ffe2074]\u001b[K\u001b[34;87H[    0.009042] No NUMA configuration found\u001b[K\u001b[35;87H[    0.009043] Faking a node at [mem 0x0000000000000000-0x000000003ffdbfff]\u001b[K\u001b[36;87H[    0.009060] NODE_DATA(0) allocated [mem 0x3eea2000-0x3eecbfff]\u001b[K\u001b[37;87H[    0.009363] Zone ranges:\u001b[K\u001b[38;87H[    0.009364]   DMA      [mem 0x0000000000001000-0x0000000000ffffff]\u001b[K\u001b[39;87H[    0.009366]   DMA32    [mem 0x0000000001000000-0x000000003ffdbfff]\u001b[K\u001b[40;87H[    0.009367]   Normal   empty\u001b[K\u001b[41;87H[    0.009368]   Device   empty\u001b[K\u001b[42;87H[    0.009369] Movable zone start for each node\u001b[K\u001b[43;87H[    0.009372] Early memory node ranges\u001b[K\u001b[44;87H[    0.009373]   node   0: [mem 0x0000000000001000-0x000000"]
[70.386802, "o", "000009efff]\u001b[K\u001b[45;87H[    0.009374]   node   0: [mem 0x0000000000100000-0x000000003ffdbfff]\u001b[K\u001b[46;87H[    0.009376] Initmem setup node 0 [mem 0x0000000000001000-0x000000003ffdbfff]\u001b[K\u001b[47;87H[    0.009553] On node \u001b[K\u001b[?25h\u001b[?0c0"]
[70.389899, "o", "\u001b[?25l\u001b[?1c\u001b[1;87H[    0.000000] kvm-clock: cpu 0, msr eef3001, primary cpu clock\u001b[K\u001b[2;87H[    0.000000] kvm-clock: using sched offset of 841418799 cycles\u001b[K\u001b[3;87H[    0.000005] clocksource: kvm-clock: mask: 0xffffffffffffffff max_cycles: 0x1cd42e\u001b[4;87H4dffb, max_idle_ns: 881590591483 ns\u001b[K\u001b[5;87H[    0.000012] tsc: Detected 3504.000 MHz processor\u001b[K\u001b[6;87H[    0.000376] last_pfn = 0x3ffdc max_arch_pfn = 0x400000000\u001b[K\u001b[7;87H[    0.000426] x86/PAT: Configuration [0-7]: WB  WC  UC- UC  WB  WP  UC- WT  \u001b[K\u001b[8;87H[    0.008455] found SMP MP-table at [mem 0x000f5cc0-0x000f5ccf]\u001b[K\u001b[9;87H[    0.008648] Using GB pages for direct mapping\u001b[K\u001b[10;87H[    0.008759] RAMDISK: [mem 0x3eecc000-0x3ffcffff]\u001b[K\u001b[11;87H[    0.008770] ACPI: Early table checksum verification disabled\u001b[K\u001b[12;87H[    0.008790] ACPI: RSDP 0x00000000000F5AD0 000014 (v00 BOCHS )\u001b[K\u001b[13;87H[    0.008796] ACPI: RSDT 0x000000003FFE2075 000034 (v01 BOCHS  BXPCRSDT 00000001 BX\u001b[14;87HPC 00000001)\u001b[K\u001b[15;87H[    0.008807] ACPI: FACP 0x000000003FFE1E9D 0"]
[70.390134, "o", "000F4 (v03 BOCHS  BXPCFACP 00000001 BX\u001b[16;87HPC 00000001)\u001b[K\u001b[17;87H[    0.008813] ACPI: DSDT 0x000000003FFE0040 001E5D (v01 BOCHS  BXPCDSDT 00000001 BX\u001b[18;87HPC 00000001)\u001b[K\u001b[19;87H[    0.008818] ACPI: FACS 0x000000003FFE0000 000040\u001b[K\u001b[20;87H[    0.008821] ACPI: APIC 0x000000003FFE1F91 000080 (v01 BOCHS  BXPCAPIC 00000001 BX\u001b[21;87HPC 00000001)\u001b[K\u001b[22;87H[    0.008825] ACPI: MCFG 0x000000003FFE2011 00003C (v01 BOCHS  BXPCMCFG 00000001 BX\u001b[23;87HPC 00000001)\u001b[K\u001b[24;87H[    0.008828] ACPI: WAET 0x000000003FFE204D 000028 (v01 BOCHS  BXPCWAET 00000001 BX\u001b[25;87HPC 00000001)\u001b[K\u001b[26;87H[    0.008831] ACPI: Reserving FACP table memory at [mem 0x3ffe1e9d-0x3ffe1f90]\u001b[K\u001b[27;87H[    0.008832] ACPI: Reserving DSDT table memory at [mem 0x3ffe0040-0x3ffe1e9c]\u001b[K\u001b[28;87H[    0.008833] ACPI: Reserving FACS table memory at [mem 0x3ffe0000-0x3ffe003f]\u001b[K\u001b[29;87H[    0.008834] ACPI: Reserving APIC table memory at [mem 0x3ffe1f91-0x3ffe2010]\u001b[K\u001b[30;87H[    0.008835] ACPI: Reserving MCFG table memory at [mem 0x3ffe2011-0x3ff"]
[70.39037, "o", "e204c]\u001b[K\u001b[31;87H[    0.008836] ACPI: Reserving WAET table memory at [mem 0x3ffe204d-0x3ffe2074]\u001b[K\u001b[32;87H[    0.009042] No NUMA configuration found\u001b[K\u001b[33;87H[    0.009043] Faking a node at [mem 0x0000000000000000-0x000000003ffdbfff]\u001b[K\u001b[34;87H[    0.009060] NODE_DATA(0) allocated [mem 0x3eea2000-0x3eecbfff]\u001b[K\u001b[35;87H[    0.009363] Zone ranges:\u001b[K\u001b[36;87H[    0.009364]   DMA      [mem 0x0000000000001000-0x0000000000ffffff]\u001b[K\u001b[37;87H[    0.009366]   DMA32    [mem 0x0000000001000000-0x000000003ffdbfff]\u001b[K\u001b[38;87H[    0.009367]   Normal   empty\u001b[K\u001b[39;87H[    0.009368]   Device   empty\u001b[K\u001b[40;87H[    0.009369] Movable zone start for each node\u001b[K\u001b[41;87H[    0.009372] Early memory node ranges\u001b[K\u001b[42;87H[    0.009373]   node   0: [mem 0x0000000000001000-0x000000000009efff]\u001b[K\u001b[43;87H[    0.009374]   node   0: [mem 0x0000000000100000-0x000000003ffdbfff]\u001b[K\u001b[44;87H[    0.009376] Initmem setup node 0 [mem 0x0000000000001000-0x000000003ffdbfff]\u001b[K\u001b[45;87H[    0.009553] On node 0, zone DMA: 1 pages in unavailable r"]
[70.390583, "o", "anges\u001b[K\u001b[46;87H[    0.009588] On node 0, zone DMA: 97 pages in unavailable ranges\u001b[K\u001b[47;87H[  \u001b[K\u001b[?25h\u001b[?0c  0.010451] On node 0, zone DMA32: 36 pages in unavailable ranges\u001b[68D\u001b[?25l\u001b[?1c\u001b[1d[    0.000000] kvm-clock: using sched offset of 841418799 cycles\u001b[K\u001b[2;87H[    0.000005] clocksource: kvm-clock: mask: 0xffffffffffffffff max_cycles: 0x1cd42e\u001b[3;87H4dffb, max_idle_ns: 881590591483 ns\u001b[K\u001b[4;87H[    0.000012] tsc: Detected 3504.000 MHz processor\u001b[K\u001b[5;87H[    0.000376] last_pfn = 0x3ffdc max_arch_pfn = 0x400000000\u001b[K\u001b[6;87H[    0.000426] x86/PAT: Configuration [0-7]: WB  WC  UC- UC  WB  WP  UC- WT  \u001b[K\u001b[7;87H[    0.008455] found SMP MP-table at [mem 0x000f5cc0-0x000f5ccf]\u001b[K\u001b[8;87H[    0.008648] Using GB pages for direct mapping\u001b[K\u001b[9;87H[    0.008759] RAMDISK: [mem 0x3eecc000-0x3ffcffff]\u001b[K\u001b[10;87H[    0.008770] ACPI: Early table checksum verification disabled\u001b[K\u001b[11;87H[    0.008790] ACPI: RSDP 0x00000000000F5AD0 000014 (v00 BOCHS )\u001b[K\u001b[12;87H[    0.008796] ACPI: RSDT 0x000000003FFE2075 000034 (v01 B"]
